Error: The value '1' is invalid for '--screen <screen>'
Help:  --screen <screen>  Values: all, main, <index>
Usage: wallpaper set <path> [--screen <screen>] [--scale <scale>] --fill-color <fill-color>
  See 'wallpaper set --help' for more information.
Error: The value '1' is invalid for '--screen <screen>'
Help:  --screen <screen>  Values: all, main, <index>
Usage: wallpaper set <path> [--screen <screen>] [--scale <scale>] --fill-color <fill-color>
  See 'wallpaper set --help' for more information.
Error: The value '1' is invalid for '--screen <screen>'
Help:  --screen <screen>  Values: all, main, <index>
Usage: wallpaper set <path> [--screen <screen>] [--scale <scale>] --fill-color <fill-color>
  See 'wallpaper set --help' for more information.
Error: The value '1' is invalid for '--screen <screen>'
Help:  --screen <screen>  Values: all, main, <index>
Usage: wallpaper set <path> [--screen <screen>] [--scale <scale>] --fill-color <fill-color>
  See 'wallpaper set --help' for more information.
Error: The value '1' is invalid for '--screen <screen>'
Help:  --screen <screen>  Values: all, main, <index>
Usage: wallpaper set <path> [--screen <screen>] [--scale <scale>] --fill-color <fill-color>
  See 'wallpaper set --help' for more information.
/bin/zsh: can't open input file: /Users/stanislavvarga/.dotfiles/external/wallpaper-ngn/wp-ngn
/bin/zsh: can't open input file: /Users/stanislavvarga/.dotfiles/external/wallpaper-ngn/wp-ngn
/bin/zsh: can't open input file: /Users/stanislavvarga/.dotfiles/external/wallpaper-ngn/wp-ngn
/bin/zsh: can't open input file: /Users/stanislavvarga/.dotfiles/external/wallpaper-ngn/wp-ngn
/bin/zsh: can't open input file: /Users/stanislavvarga/.dotfiles/external/wallpaper-ngn/wp-ngn
/bin/zsh: can't open input file: /Users/stanislavvarga/.dotfiles/external/wallpaper-ngn/wp-ngn
/bin/zsh: can't open input file: /Users/stanislavvarga/.dotfiles/external/wallpaper-ngn/wp-ngn
/bin/zsh: can't open input file: /Users/stanislavvarga/.dotfiles/external/wallpaper-ngn/wp-ngn
/bin/zsh: can't open input file: /Users/stanislavvarga/.dotfiles/external/wallpaper-ngn/wp-ngn
/bin/zsh: can't open input file: /Users/stanislavvarga/.dotfiles/external/wallpaper-ngn/wp-ngn
/bin/zsh: can't open input file: /Users/stanislavvarga/.dotfiles/external/wallpaper-ngn/wp-ngn
/bin/zsh: can't open input file: /Users/stanislavvarga/.dotfiles/external/wallpaper-ngn/wp-ngn
/bin/zsh: can't open input file: /Users/stanislavvarga/.dotfiles/external/wallpaper-ngn/wp-ngn
/bin/zsh: can't open input file: /Users/stanislavvarga/.dotfiles/external/wallpaper-ngn/wp-ngn
/bin/zsh: can't open input file: /Users/stanislavvarga/.dotfiles/external/wallpaper-ngn/wp-ngn
/bin/zsh: can't open input file: /Users/stanislavvarga/.dotfiles/external/wallpaper-ngn/wp-ngn
/bin/zsh: can't open input file: /Users/stanislavvarga/.dotfiles/external/wallpaper-ngn/wp-ngn
/bin/zsh: can't open input file: /Users/stanislavvarga/.dotfiles/external/wallpaper-ngn/wp-ngn
/bin/zsh: can't open input file: /Users/stanislavvarga/.dotfiles/external/wallpaper-ngn/wp-ngn
/bin/zsh: can't open input file: /Users/stanislavvarga/.dotfiles/external/wallpaper-ngn/wp-ngn
/bin/zsh: can't open input file: /Users/stanislavvarga/.dotfiles/external/wallpaper-ngn/wp-ngn
/bin/zsh: can't open input file: /Users/stanislavvarga/.dotfiles/external/wallpaper-ngn/wp-ngn
/bin/zsh: can't open input file: /Users/stanislavvarga/.dotfiles/external/wallpaper-ngn/wp-ngn
/bin/zsh: can't open input file: /Users/stanislavvarga/.dotfiles/external/wallpaper-ngn/wp-ngn
/bin/zsh: can't open input file: /Users/stanislavvarga/.dotfiles/external/wallpaper-ngn/wp-ngn
/bin/zsh: can't open input file: /Users/stanislavvarga/.dotfiles/external/wallpaper-ngn/wp-ngn
/bin/zsh: can't open input file: /Users/stanislavvarga/.dotfiles/external/wallpaper-ngn/wp-ngn
/bin/zsh: can't open input file: /Users/stanislavvarga/.dotfiles/external/wallpaper-ngn/wp-ngn
/bin/zsh: can't open input file: /Users/stanislavvarga/.dotfiles/external/wallpaper-ngn/wp-ngn
/bin/zsh: can't open input file: /Users/stanislavvarga/.dotfiles/external/wallpaper-ngn/wp-ngn
/bin/zsh: can't open input file: /Users/stanislavvarga/.dotfiles/external/wallpaper-ngn/wp-ngn
/bin/zsh: can't open input file: /Users/stanislavvarga/.dotfiles/external/wallpaper-ngn/wp-ngn
/bin/zsh: can't open input file: /Users/stanislavvarga/.dotfiles/external/wallpaper-ngn/wp-ngn
/bin/zsh: can't open input file: /Users/stanislavvarga/.dotfiles/external/wallpaper-ngn/wp-ngn
/bin/zsh: can't open input file: /Users/stanislavvarga/.dotfiles/external/wallpaper-ngn/wp-ngn
/bin/zsh: can't open input file: /Users/stanislavvarga/.dotfiles/external/wallpaper-ngn/wp-ngn
/bin/zsh: can't open input file: /Users/stanislavvarga/.dotfiles/external/wallpaper-ngn/wp-ngn
/bin/zsh: can't open input file: /Users/stanislavvarga/.dotfiles/external/wallpaper-ngn/wp-ngn
/bin/zsh: can't open input file: /Users/stanislavvarga/.dotfiles/external/wallpaper-ngn/wp-ngn
/bin/zsh: can't open input file: /Users/stanislavvarga/.dotfiles/external/wallpaper-ngn/wp-ngn
/bin/zsh: can't open input file: /Users/stanislavvarga/.dotfiles/external/wallpaper-ngn/wp-ngn
/bin/zsh: can't open input file: /Users/stanislavvarga/.dotfiles/external/wallpaper-ngn/wp-ngn
/bin/zsh: can't open input file: /Users/stanislavvarga/.dotfiles/external/wallpaper-ngn/wp-ngn
/bin/zsh: can't open input file: /Users/stanislavvarga/.dotfiles/external/wallpaper-ngn/wp-ngn
/bin/zsh: can't open input file: /Users/stanislavvarga/.dotfiles/external/wallpaper-ngn/wp-ngn
/bin/zsh: can't open input file: /Users/stanislavvarga/.dotfiles/external/wallpaper-ngn/wp-ngn
/bin/zsh: can't open input file: /Users/stanislavvarga/.dotfiles/external/wallpaper-ngn/wp-ngn
/bin/zsh: can't open input file: /Users/stanislavvarga/.dotfiles/external/wallpaper-ngn/wp-ngn
/bin/zsh: can't open input file: /Users/stanislavvarga/.dotfiles/external/wallpaper-ngn/wp-ngn
/bin/zsh: can't open input file: /Users/stanislavvarga/.dotfiles/external/wallpaper-ngn/wp-ngn
/bin/zsh: can't open input file: /Users/stanislavvarga/.dotfiles/external/wallpaper-ngn/wp-ngn
/bin/zsh: can't open input file: /Users/stanislavvarga/.dotfiles/external/wallpaper-ngn/wp-ngn
/bin/zsh: can't open input file: /Users/stanislavvarga/.dotfiles/external/wallpaper-ngn/wp-ngn
/bin/zsh: can't open input file: /Users/stanislavvarga/.dotfiles/external/wallpaper-ngn/wp-ngn
/bin/zsh: can't open input file: /Users/stanislavvarga/.dotfiles/external/wallpaper-ngn/wp-ngn
/bin/zsh: can't open input file: /Users/stanislavvarga/.dotfiles/external/wallpaper-ngn/wp-ngn
/bin/zsh: can't open input file: /Users/stanislavvarga/.dotfiles/external/wallpaper-ngn/wp-ngn
/bin/zsh: can't open input file: /Users/stanislavvarga/.dotfiles/external/wallpaper-ngn/wp-ngn
/bin/zsh: can't open input file: /Users/stanislavvarga/.dotfiles/external/wallpaper-ngn/wp-ngn
/bin/zsh: can't open input file: /Users/stanislavvarga/.dotfiles/external/wallpaper-ngn/wp-ngn
/bin/zsh: can't open input file: /Users/stanislavvarga/.dotfiles/external/wallpaper-ngn/wp-ngn
/bin/zsh: can't open input file: /Users/stanislavvarga/.dotfiles/external/wallpaper-ngn/wp-ngn
/bin/zsh: can't open input file: /Users/stanislavvarga/.dotfiles/external/wallpaper-ngn/wp-ngn
/bin/zsh: can't open input file: /Users/stanislavvarga/.dotfiles/external/wallpaper-ngn/wp-ngn
/bin/zsh: can't open input file: /Users/stanislavvarga/.dotfiles/external/wallpaper-ngn/wp-ngn
/bin/zsh: can't open input file: /Users/stanislavvarga/.dotfiles/external/wallpaper-ngn/wp-ngn
/bin/zsh: can't open input file: /Users/stanislavvarga/.dotfiles/external/wallpaper-ngn/wp-ngn
/bin/zsh: can't open input file: /Users/stanislavvarga/.dotfiles/external/wallpaper-ngn/wp-ngn
/bin/zsh: can't open input file: /Users/stanislavvarga/.dotfiles/external/wallpaper-ngn/wp-ngn
/bin/zsh: can't open input file: /Users/stanislavvarga/.dotfiles/external/wallpaper-ngn/wp-ngn
/bin/zsh: can't open input file: /Users/stanislavvarga/.dotfiles/external/wallpaper-ngn/wp-ngn
/bin/zsh: can't open input file: /Users/stanislavvarga/.dotfiles/external/wallpaper-ngn/wp-ngn
/bin/zsh: can't open input file: /Users/stanislavvarga/.dotfiles/external/wallpaper-ngn/wp-ngn
/bin/zsh: can't open input file: /Users/stanislavvarga/.dotfiles/external/wallpaper-ngn/wp-ngn
/bin/zsh: can't open input file: /Users/stanislavvarga/.dotfiles/external/wallpaper-ngn/wp-ngn
/bin/zsh: can't open input file: /Users/stanislavvarga/.dotfiles/external/wallpaper-ngn/wp-ngn
/bin/zsh: can't open input file: /Users/stanislavvarga/.dotfiles/external/wallpaper-ngn/wp-ngn
/bin/zsh: can't open input file: /Users/stanislavvarga/.dotfiles/external/wallpaper-ngn/wp-ngn
/bin/zsh: can't open input file: /Users/stanislavvarga/.dotfiles/external/wallpaper-ngn/wp-ngn
/bin/zsh: can't open input file: /Users/stanislavvarga/.dotfiles/external/wallpaper-ngn/wp-ngn
/bin/zsh: can't open input file: /Users/stanislavvarga/.dotfiles/external/wallpaper-ngn/wp-ngn
/bin/zsh: can't open input file: /Users/stanislavvarga/.dotfiles/external/wallpaper-ngn/wp-ngn
/bin/zsh: can't open input file: /Users/stanislavvarga/.dotfiles/external/wallpaper-ngn/wp-ngn
/bin/zsh: can't open input file: /Users/stanislavvarga/.dotfiles/external/wallpaper-ngn/wp-ngn
/bin/zsh: can't open input file: /Users/stanislavvarga/.dotfiles/external/wallpaper-ngn/wp-ngn
/bin/zsh: can't open input file: /Users/stanislavvarga/.dotfiles/external/wallpaper-ngn/wp-ngn
/bin/zsh: can't open input file: /Users/stanislavvarga/.dotfiles/external/wallpaper-ngn/wp-ngn
/bin/zsh: can't open input file: /Users/stanislavvarga/.dotfiles/external/wallpaper-ngn/wp-ngn
/bin/zsh: can't open input file: /Users/stanislavvarga/.dotfiles/external/wallpaper-ngn/wp-ngn
/bin/zsh: can't open input file: /Users/stanislavvarga/.dotfiles/external/wallpaper-ngn/wp-ngn
/bin/zsh: can't open input file: /Users/stanislavvarga/.dotfiles/external/wallpaper-ngn/wp-ngn
/bin/zsh: can't open input file: /Users/stanislavvarga/.dotfiles/external/wallpaper-ngn/wp-ngn
/bin/zsh: can't open input file: /Users/stanislavvarga/.dotfiles/external/wallpaper-ngn/wp-ngn
/bin/zsh: can't open input file: /Users/stanislavvarga/.dotfiles/external/wallpaper-ngn/wp-ngn
/bin/zsh: can't open input file: /Users/stanislavvarga/.dotfiles/external/wallpaper-ngn/wp-ngn
/bin/zsh: can't open input file: /Users/stanislavvarga/.dotfiles/external/wallpaper-ngn/wp-ngn
/bin/zsh: can't open input file: /Users/stanislavvarga/.dotfiles/external/wallpaper-ngn/wp-ngn
/bin/zsh: can't open input file: /Users/stanislavvarga/.dotfiles/external/wallpaper-ngn/wp-ngn
/bin/zsh: can't open input file: /Users/stanislavvarga/.dotfiles/external/wallpaper-ngn/wp-ngn
/bin/zsh: can't open input file: /Users/stanislavvarga/.dotfiles/external/wallpaper-ngn/wp-ngn
/bin/zsh: can't open input file: /Users/stanislavvarga/.dotfiles/external/wallpaper-ngn/wp-ngn
/bin/zsh: can't open input file: /Users/stanislavvarga/.dotfiles/external/wallpaper-ngn/wp-ngn
/bin/zsh: can't open input file: /Users/stanislavvarga/.dotfiles/external/wallpaper-ngn/wp-ngn
/bin/zsh: can't open input file: /Users/stanislavvarga/.dotfiles/external/wallpaper-ngn/wp-ngn
/bin/zsh: can't open input file: /Users/stanislavvarga/.dotfiles/external/wallpaper-ngn/wp-ngn
/bin/zsh: can't open input file: /Users/stanislavvarga/.dotfiles/external/wallpaper-ngn/wp-ngn
/bin/zsh: can't open input file: /Users/stanislavvarga/.dotfiles/external/wallpaper-ngn/wp-ngn
/bin/zsh: can't open input file: /Users/stanislavvarga/.dotfiles/external/wallpaper-ngn/wp-ngn
/bin/zsh: can't open input file: /Users/stanislavvarga/.dotfiles/external/wallpaper-ngn/wp-ngn
/bin/zsh: can't open input file: /Users/stanislavvarga/.dotfiles/external/wallpaper-ngn/wp-ngn
/bin/zsh: can't open input file: /Users/stanislavvarga/.dotfiles/external/wallpaper-ngn/wp-ngn
/bin/zsh: can't open input file: /Users/stanislavvarga/.dotfiles/external/wallpaper-ngn/wp-ngn
/bin/zsh: can't open input file: /Users/stanislavvarga/.dotfiles/external/wallpaper-ngn/wp-ngn
/bin/zsh: can't open input file: /Users/stanislavvarga/.dotfiles/external/wallpaper-ngn/wp-ngn
/bin/zsh: can't open input file: /Users/stanislavvarga/.dotfiles/external/wallpaper-ngn/wp-ngn
/bin/zsh: can't open input file: /Users/stanislavvarga/.dotfiles/external/wallpaper-ngn/wp-ngn
/bin/zsh: can't open input file: /Users/stanislavvarga/.dotfiles/external/wallpaper-ngn/wp-ngn
/bin/zsh: can't open input file: /Users/stanislavvarga/.dotfiles/external/wallpaper-ngn/wp-ngn
/bin/zsh: can't open input file: /Users/stanislavvarga/.dotfiles/external/wallpaper-ngn/wp-ngn
/bin/zsh: can't open input file: /Users/stanislavvarga/.dotfiles/external/wallpaper-ngn/wp-ngn
/bin/zsh: can't open input file: /Users/stanislavvarga/.dotfiles/external/wallpaper-ngn/wp-ngn
/bin/zsh: can't open input file: /Users/stanislavvarga/.dotfiles/external/wallpaper-ngn/wp-ngn
/bin/zsh: can't open input file: /Users/stanislavvarga/.dotfiles/external/wallpaper-ngn/wp-ngn
/bin/zsh: can't open input file: /Users/stanislavvarga/.dotfiles/external/wallpaper-ngn/wp-ngn
/bin/zsh: can't open input file: /Users/stanislavvarga/.dotfiles/external/wallpaper-ngn/wp-ngn
/bin/zsh: can't open input file: /Users/stanislavvarga/.dotfiles/external/wallpaper-ngn/wp-ngn
/bin/zsh: can't open input file: /Users/stanislavvarga/.dotfiles/external/wallpaper-ngn/wp-ngn
/bin/zsh: can't open input file: /Users/stanislavvarga/.dotfiles/external/wallpaper-ngn/wp-ngn
/bin/zsh: can't open input file: /Users/stanislavvarga/.dotfiles/external/wallpaper-ngn/wp-ngn
/bin/zsh: can't open input file: /Users/stanislavvarga/.dotfiles/external/wallpaper-ngn/wp-ngn
/bin/zsh: can't open input file: /Users/stanislavvarga/.dotfiles/external/wallpaper-ngn/wp-ngn
/bin/zsh: can't open input file: /Users/stanislavvarga/.dotfiles/external/wallpaper-ngn/wp-ngn
/bin/zsh: can't open input file: /Users/stanislavvarga/.dotfiles/external/wallpaper-ngn/wp-ngn
/bin/zsh: can't open input file: /Users/stanislavvarga/.dotfiles/external/wallpaper-ngn/wp-ngn
/bin/zsh: can't open input file: /Users/stanislavvarga/.dotfiles/external/wallpaper-ngn/wp-ngn
/bin/zsh: can't open input file: /Users/stanislavvarga/.dotfiles/external/wallpaper-ngn/wp-ngn
/bin/zsh: can't open input file: /Users/stanislavvarga/.dotfiles/external/wallpaper-ngn/wp-ngn
/bin/zsh: can't open input file: /Users/stanislavvarga/.dotfiles/external/wallpaper-ngn/wp-ngn
/bin/zsh: can't open input file: /Users/stanislavvarga/.dotfiles/external/wallpaper-ngn/wp-ngn
/bin/zsh: can't open input file: /Users/stanislavvarga/.dotfiles/external/wallpaper-ngn/wp-ngn
/bin/zsh: can't open input file: /Users/stanislavvarga/.dotfiles/external/wallpaper-ngn/wp-ngn
/bin/zsh: can't open input file: /Users/stanislavvarga/.dotfiles/external/wallpaper-ngn/wp-ngn
/bin/zsh: can't open input file: /Users/stanislavvarga/.dotfiles/external/wallpaper-ngn/wp-ngn
/bin/zsh: can't open input file: /Users/stanislavvarga/.dotfiles/external/wallpaper-ngn/wp-ngn
/bin/zsh: can't open input file: /Users/stanislavvarga/.dotfiles/external/wallpaper-ngn/wp-ngn
/bin/zsh: can't open input file: /Users/stanislavvarga/.dotfiles/external/wallpaper-ngn/wp-ngn
/bin/zsh: can't open input file: /Users/stanislavvarga/.dotfiles/external/wallpaper-ngn/wp-ngn
/bin/zsh: can't open input file: /Users/stanislavvarga/.dotfiles/external/wallpaper-ngn/wp-ngn
/bin/zsh: can't open input file: /Users/stanislavvarga/.dotfiles/external/wallpaper-ngn/wp-ngn
/bin/zsh: can't open input file: /Users/stanislavvarga/.dotfiles/external/wallpaper-ngn/wp-ngn
/bin/zsh: can't open input file: /Users/stanislavvarga/.dotfiles/external/wallpaper-ngn/wp-ngn
/bin/zsh: can't open input file: /Users/stanislavvarga/.dotfiles/external/wallpaper-ngn/wp-ngn
/bin/zsh: can't open input file: /Users/stanislavvarga/.dotfiles/external/wallpaper-ngn/wp-ngn
/bin/zsh: can't open input file: /Users/stanislavvarga/.dotfiles/external/wallpaper-ngn/wp-ngn
/bin/zsh: can't open input file: /Users/stanislavvarga/.dotfiles/external/wallpaper-ngn/wp-ngn
/bin/zsh: can't open input file: /Users/stanislavvarga/.dotfiles/external/wallpaper-ngn/wp-ngn
/bin/zsh: can't open input file: /Users/stanislavvarga/.dotfiles/external/wallpaper-ngn/wp-ngn
/bin/zsh: can't open input file: /Users/stanislavvarga/.dotfiles/external/wallpaper-ngn/wp-ngn
/bin/zsh: can't open input file: /Users/stanislavvarga/.dotfiles/external/wallpaper-ngn/wp-ngn
/bin/zsh: can't open input file: /Users/stanislavvarga/.dotfiles/external/wallpaper-ngn/wp-ngn
/bin/zsh: can't open input file: /Users/stanislavvarga/.dotfiles/external/wallpaper-ngn/wp-ngn
/bin/zsh: can't open input file: /Users/stanislavvarga/.dotfiles/external/wallpaper-ngn/wp-ngn
/bin/zsh: can't open input file: /Users/stanislavvarga/.dotfiles/external/wallpaper-ngn/wp-ngn
/bin/zsh: can't open input file: /Users/stanislavvarga/.dotfiles/external/wallpaper-ngn/wp-ngn
/bin/zsh: can't open input file: /Users/stanislavvarga/.dotfiles/external/wallpaper-ngn/wp-ngn
/bin/zsh: can't open input file: /Users/stanislavvarga/.dotfiles/external/wallpaper-ngn/wp-ngn
/bin/zsh: can't open input file: /Users/stanislavvarga/.dotfiles/external/wallpaper-ngn/wp-ngn
/bin/zsh: can't open input file: /Users/stanislavvarga/.dotfiles/external/wallpaper-ngn/wp-ngn
/bin/zsh: can't open input file: /Users/stanislavvarga/.dotfiles/external/wallpaper-ngn/wp-ngn
/bin/zsh: can't open input file: /Users/stanislavvarga/.dotfiles/external/wallpaper-ngn/wp-ngn
/bin/zsh: can't open input file: /Users/stanislavvarga/.dotfiles/external/wallpaper-ngn/wp-ngn
/bin/zsh: can't open input file: /Users/stanislavvarga/.dotfiles/external/wallpaper-ngn/wp-ngn
/bin/zsh: can't open input file: /Users/stanislavvarga/.dotfiles/external/wallpaper-ngn/wp-ngn
/bin/zsh: can't open input file: /Users/stanislavvarga/.dotfiles/external/wallpaper-ngn/wp-ngn
/bin/zsh: can't open input file: /Users/stanislavvarga/.dotfiles/external/wallpaper-ngn/wp-ngn
/bin/zsh: can't open input file: /Users/stanislavvarga/.dotfiles/external/wallpaper-ngn/wp-ngn
/bin/zsh: can't open input file: /Users/stanislavvarga/.dotfiles/external/wallpaper-ngn/wp-ngn
/bin/zsh: can't open input file: /Users/stanislavvarga/.dotfiles/external/wallpaper-ngn/wp-ngn
/bin/zsh: can't open input file: /Users/stanislavvarga/.dotfiles/external/wallpaper-ngn/wp-ngn
/bin/zsh: can't open input file: /Users/stanislavvarga/.dotfiles/external/wallpaper-ngn/wp-ngn
/bin/zsh: can't open input file: /Users/stanislavvarga/.dotfiles/external/wallpaper-ngn/wp-ngn
/bin/zsh: can't open input file: /Users/stanislavvarga/.dotfiles/external/wallpaper-ngn/wp-ngn
/bin/zsh: can't open input file: /Users/stanislavvarga/.dotfiles/external/wallpaper-ngn/wp-ngn
/bin/zsh: can't open input file: /Users/stanislavvarga/.dotfiles/external/wallpaper-ngn/wp-ngn
/bin/zsh: can't open input file: /Users/stanislavvarga/.dotfiles/external/wallpaper-ngn/wp-ngn
/bin/zsh: can't open input file: /Users/stanislavvarga/.dotfiles/external/wallpaper-ngn/wp-ngn
/bin/zsh: can't open input file: /Users/stanislavvarga/.dotfiles/external/wallpaper-ngn/wp-ngn
/bin/zsh: can't open input file: /Users/stanislavvarga/.dotfiles/external/wallpaper-ngn/wp-ngn
/bin/zsh: can't open input file: /Users/stanislavvarga/.dotfiles/external/wallpaper-ngn/wp-ngn
/bin/zsh: can't open input file: /Users/stanislavvarga/.dotfiles/external/wallpaper-ngn/wp-ngn
/bin/zsh: can't open input file: /Users/stanislavvarga/.dotfiles/external/wallpaper-ngn/wp-ngn
/bin/zsh: can't open input file: /Users/stanislavvarga/.dotfiles/external/wallpaper-ngn/wp-ngn
/bin/zsh: can't open input file: /Users/stanislavvarga/.dotfiles/external/wallpaper-ngn/wp-ngn
/bin/zsh: can't open input file: /Users/stanislavvarga/.dotfiles/external/wallpaper-ngn/wp-ngn
/bin/zsh: can't open input file: /Users/stanislavvarga/.dotfiles/external/wallpaper-ngn/wp-ngn
/bin/zsh: can't open input file: /Users/stanislavvarga/.dotfiles/external/wallpaper-ngn/wp-ngn
/bin/zsh: can't open input file: /Users/stanislavvarga/.dotfiles/external/wallpaper-ngn/wp-ngn
/bin/zsh: can't open input file: /Users/stanislavvarga/.dotfiles/external/wallpaper-ngn/wp-ngn
/bin/zsh: can't open input file: /Users/stanislavvarga/.dotfiles/external/wallpaper-ngn/wp-ngn
/bin/zsh: can't open input file: /Users/stanislavvarga/.dotfiles/external/wallpaper-ngn/wp-ngn
/bin/zsh: can't open input file: /Users/stanislavvarga/.dotfiles/external/wallpaper-ngn/wp-ngn
/bin/zsh: can't open input file: /Users/stanislavvarga/.dotfiles/external/wallpaper-ngn/wp-ngn
/bin/zsh: can't open input file: /Users/stanislavvarga/.dotfiles/external/wallpaper-ngn/wp-ngn
/bin/zsh: can't open input file: /Users/stanislavvarga/.dotfiles/external/wallpaper-ngn/wp-ngn
/bin/zsh: can't open input file: /Users/stanislavvarga/.dotfiles/external/wallpaper-ngn/wp-ngn
/bin/zsh: can't open input file: /Users/stanislavvarga/.dotfiles/external/wallpaper-ngn/wp-ngn
/bin/zsh: can't open input file: /Users/stanislavvarga/.dotfiles/external/wallpaper-ngn/wp-ngn
/bin/zsh: can't open input file: /Users/stanislavvarga/.dotfiles/external/wallpaper-ngn/wp-ngn
/bin/zsh: can't open input file: /Users/stanislavvarga/.dotfiles/external/wallpaper-ngn/wp-ngn
/bin/zsh: can't open input file: /Users/stanislavvarga/.dotfiles/external/wallpaper-ngn/wp-ngn
/bin/zsh: can't open input file: /Users/stanislavvarga/.dotfiles/external/wallpaper-ngn/wp-ngn
/bin/zsh: can't open input file: /Users/stanislavvarga/.dotfiles/external/wallpaper-ngn/wp-ngn
/bin/zsh: can't open input file: /Users/stanislavvarga/.dotfiles/external/wallpaper-ngn/wp-ngn
/bin/zsh: can't open input file: /Users/stanislavvarga/.dotfiles/external/wallpaper-ngn/wp-ngn
/bin/zsh: can't open input file: /Users/stanislavvarga/.dotfiles/external/wallpaper-ngn/wp-ngn
/bin/zsh: can't open input file: /Users/stanislavvarga/.dotfiles/external/wallpaper-ngn/wp-ngn
/bin/zsh: can't open input file: /Users/stanislavvarga/.dotfiles/external/wallpaper-ngn/wp-ngn
/bin/zsh: can't open input file: /Users/stanislavvarga/.dotfiles/external/wallpaper-ngn/wp-ngn
/bin/zsh: can't open input file: /Users/stanislavvarga/.dotfiles/external/wallpaper-ngn/wp-ngn
/bin/zsh: can't open input file: /Users/stanislavvarga/.dotfiles/external/wallpaper-ngn/wp-ngn
/bin/zsh: can't open input file: /Users/stanislavvarga/.dotfiles/external/wallpaper-ngn/wp-ngn
/bin/zsh: can't open input file: /Users/stanislavvarga/.dotfiles/external/wallpaper-ngn/wp-ngn
/bin/zsh: can't open input file: /Users/stanislavvarga/.dotfiles/external/wallpaper-ngn/wp-ngn
/bin/zsh: can't open input file: /Users/stanislavvarga/.dotfiles/external/wallpaper-ngn/wp-ngn
/bin/zsh: can't open input file: /Users/stanislavvarga/.dotfiles/external/wallpaper-ngn/wp-ngn
/bin/zsh: can't open input file: /Users/stanislavvarga/.dotfiles/external/wallpaper-ngn/wp-ngn
/bin/zsh: can't open input file: /Users/stanislavvarga/.dotfiles/external/wallpaper-ngn/wp-ngn
/bin/zsh: can't open input file: /Users/stanislavvarga/.dotfiles/external/wallpaper-ngn/wp-ngn
/bin/zsh: can't open input file: /Users/stanislavvarga/.dotfiles/external/wallpaper-ngn/wp-ngn
/bin/zsh: can't open input file: /Users/stanislavvarga/.dotfiles/external/wallpaper-ngn/wp-ngn
/bin/zsh: can't open input file: /Users/stanislavvarga/.dotfiles/external/wallpaper-ngn/wp-ngn
/bin/zsh: can't open input file: /Users/stanislavvarga/.dotfiles/external/wallpaper-ngn/wp-ngn
/bin/zsh: can't open input file: /Users/stanislavvarga/.dotfiles/external/wallpaper-ngn/wp-ngn
/bin/zsh: can't open input file: /Users/stanislavvarga/.dotfiles/external/wallpaper-ngn/wp-ngn
/bin/zsh: can't open input file: /Users/stanislavvarga/.dotfiles/external/wallpaper-ngn/wp-ngn
/bin/zsh: can't open input file: /Users/stanislavvarga/.dotfiles/external/wallpaper-ngn/wp-ngn
/bin/zsh: can't open input file: /Users/stanislavvarga/.dotfiles/external/wallpaper-ngn/wp-ngn
/bin/zsh: can't open input file: /Users/stanislavvarga/.dotfiles/external/wallpaper-ngn/wp-ngn
/bin/zsh: can't open input file: /Users/stanislavvarga/.dotfiles/external/wallpaper-ngn/wp-ngn
/bin/zsh: can't open input file: /Users/stanislavvarga/.dotfiles/external/wallpaper-ngn/wp-ngn
/bin/zsh: can't open input file: /Users/stanislavvarga/.dotfiles/external/wallpaper-ngn/wp-ngn
/bin/zsh: can't open input file: /Users/stanislavvarga/.dotfiles/external/wallpaper-ngn/wp-ngn
/bin/zsh: can't open input file: /Users/stanislavvarga/.dotfiles/external/wallpaper-ngn/wp-ngn
/bin/zsh: can't open input file: /Users/stanislavvarga/.dotfiles/external/wallpaper-ngn/wp-ngn
/bin/zsh: can't open input file: /Users/stanislavvarga/.dotfiles/external/wallpaper-ngn/wp-ngn
/bin/zsh: can't open input file: /Users/stanislavvarga/.dotfiles/external/wallpaper-ngn/wp-ngn
/bin/zsh: can't open input file: /Users/stanislavvarga/.dotfiles/external/wallpaper-ngn/wp-ngn
/bin/zsh: can't open input file: /Users/stanislavvarga/.dotfiles/external/wallpaper-ngn/wp-ngn
/bin/zsh: can't open input file: /Users/stanislavvarga/.dotfiles/external/wallpaper-ngn/wp-ngn
/bin/zsh: can't open input file: /Users/stanislavvarga/.dotfiles/external/wallpaper-ngn/wp-ngn
/bin/zsh: can't open input file: /Users/stanislavvarga/.dotfiles/external/wallpaper-ngn/wp-ngn
/bin/zsh: can't open input file: /Users/stanislavvarga/.dotfiles/external/wallpaper-ngn/wp-ngn
/bin/zsh: can't open input file: /Users/stanislavvarga/.dotfiles/external/wallpaper-ngn/wp-ngn
/bin/zsh: can't open input file: /Users/stanislavvarga/.dotfiles/external/wallpaper-ngn/wp-ngn
/bin/zsh: can't open input file: /Users/stanislavvarga/.dotfiles/external/wallpaper-ngn/wp-ngn
/bin/zsh: can't open input file: /Users/stanislavvarga/.dotfiles/external/wallpaper-ngn/wp-ngn
/bin/zsh: can't open input file: /Users/stanislavvarga/.dotfiles/external/wallpaper-ngn/wp-ngn
/bin/zsh: can't open input file: /Users/stanislavvarga/.dotfiles/external/wallpaper-ngn/wp-ngn
/bin/zsh: can't open input file: /Users/stanislavvarga/.dotfiles/external/wallpaper-ngn/wp-ngn
/bin/zsh: can't open input file: /Users/stanislavvarga/.dotfiles/external/wallpaper-ngn/wp-ngn
/bin/zsh: can't open input file: /Users/stanislavvarga/.dotfiles/external/wallpaper-ngn/wp-ngn
/bin/zsh: can't open input file: /Users/stanislavvarga/.dotfiles/external/wallpaper-ngn/wp-ngn
/bin/zsh: can't open input file: /Users/stanislavvarga/.dotfiles/external/wallpaper-ngn/wp-ngn
/bin/zsh: can't open input file: /Users/stanislavvarga/.dotfiles/external/wallpaper-ngn/wp-ngn
/bin/zsh: can't open input file: /Users/stanislavvarga/.dotfiles/external/wallpaper-ngn/wp-ngn
/bin/zsh: can't open input file: /Users/stanislavvarga/.dotfiles/external/wallpaper-ngn/wp-ngn
/bin/zsh: can't open input file: /Users/stanislavvarga/.dotfiles/external/wallpaper-ngn/wp-ngn
/bin/zsh: can't open input file: /Users/stanislavvarga/.dotfiles/external/wallpaper-ngn/wp-ngn
/bin/zsh: can't open input file: /Users/stanislavvarga/.dotfiles/external/wallpaper-ngn/wp-ngn
/bin/zsh: can't open input file: /Users/stanislavvarga/.dotfiles/external/wallpaper-ngn/wp-ngn
/bin/zsh: can't open input file: /Users/stanislavvarga/.dotfiles/external/wallpaper-ngn/wp-ngn
/bin/zsh: can't open input file: /Users/stanislavvarga/.dotfiles/external/wallpaper-ngn/wp-ngn
/bin/zsh: can't open input file: /Users/stanislavvarga/.dotfiles/external/wallpaper-ngn/wp-ngn
/bin/zsh: can't open input file: /Users/stanislavvarga/.dotfiles/external/wallpaper-ngn/wp-ngn
/bin/zsh: can't open input file: /Users/stanislavvarga/.dotfiles/external/wallpaper-ngn/wp-ngn
/bin/zsh: can't open input file: /Users/stanislavvarga/.dotfiles/external/wallpaper-ngn/wp-ngn
/bin/zsh: can't open input file: /Users/stanislavvarga/.dotfiles/external/wallpaper-ngn/wp-ngn
/bin/zsh: can't open input file: /Users/stanislavvarga/.dotfiles/external/wallpaper-ngn/wp-ngn
/bin/zsh: can't open input file: /Users/stanislavvarga/.dotfiles/external/wallpaper-ngn/wp-ngn
/bin/zsh: can't open input file: /Users/stanislavvarga/.dotfiles/external/wallpaper-ngn/wp-ngn
/bin/zsh: can't open input file: /Users/stanislavvarga/.dotfiles/external/wallpaper-ngn/wp-ngn
/bin/zsh: can't open input file: /Users/stanislavvarga/.dotfiles/external/wallpaper-ngn/wp-ngn
/bin/zsh: can't open input file: /Users/stanislavvarga/.dotfiles/external/wallpaper-ngn/wp-ngn
/bin/zsh: can't open input file: /Users/stanislavvarga/.dotfiles/external/wallpaper-ngn/wp-ngn
/bin/zsh: can't open input file: /Users/stanislavvarga/.dotfiles/external/wallpaper-ngn/wp-ngn
/bin/zsh: can't open input file: /Users/stanislavvarga/.dotfiles/external/wallpaper-ngn/wp-ngn
/bin/zsh: can't open input file: /Users/stanislavvarga/.dotfiles/external/wallpaper-ngn/wp-ngn
/bin/zsh: can't open input file: /Users/stanislavvarga/.dotfiles/external/wallpaper-ngn/wp-ngn
/bin/zsh: can't open input file: /Users/stanislavvarga/.dotfiles/external/wallpaper-ngn/wp-ngn
/bin/zsh: can't open input file: /Users/stanislavvarga/.dotfiles/external/wallpaper-ngn/wp-ngn
/bin/zsh: can't open input file: /Users/stanislavvarga/.dotfiles/external/wallpaper-ngn/wp-ngn
/bin/zsh: can't open input file: /Users/stanislavvarga/.dotfiles/external/wallpaper-ngn/wp-ngn
/bin/zsh: can't open input file: /Users/stanislavvarga/.dotfiles/external/wallpaper-ngn/wp-ngn
/bin/zsh: can't open input file: /Users/stanislavvarga/.dotfiles/external/wallpaper-ngn/wp-ngn
/bin/zsh: can't open input file: /Users/stanislavvarga/.dotfiles/external/wallpaper-ngn/wp-ngn
/bin/zsh: can't open input file: /Users/stanislavvarga/.dotfiles/external/wallpaper-ngn/wp-ngn
/bin/zsh: can't open input file: /Users/stanislavvarga/.dotfiles/external/wallpaper-ngn/wp-ngn
/bin/zsh: can't open input file: /Users/stanislavvarga/.dotfiles/external/wallpaper-ngn/wp-ngn
/bin/zsh: can't open input file: /Users/stanislavvarga/.dotfiles/external/wallpaper-ngn/wp-ngn
/bin/zsh: can't open input file: /Users/stanislavvarga/.dotfiles/external/wallpaper-ngn/wp-ngn
/bin/zsh: can't open input file: /Users/stanislavvarga/.dotfiles/external/wallpaper-ngn/wp-ngn
/bin/zsh: can't open input file: /Users/stanislavvarga/.dotfiles/external/wallpaper-ngn/wp-ngn
/bin/zsh: can't open input file: /Users/stanislavvarga/.dotfiles/external/wallpaper-ngn/wp-ngn
/bin/zsh: can't open input file: /Users/stanislavvarga/.dotfiles/external/wallpaper-ngn/wp-ngn
/bin/zsh: can't open input file: /Users/stanislavvarga/.dotfiles/external/wallpaper-ngn/wp-ngn
/bin/zsh: can't open input file: /Users/stanislavvarga/.dotfiles/external/wallpaper-ngn/wp-ngn
/bin/zsh: can't open input file: /Users/stanislavvarga/.dotfiles/external/wallpaper-ngn/wp-ngn
/bin/zsh: can't open input file: /Users/stanislavvarga/.dotfiles/external/wallpaper-ngn/wp-ngn
/bin/zsh: can't open input file: /Users/stanislavvarga/.dotfiles/external/wallpaper-ngn/wp-ngn
/bin/zsh: can't open input file: /Users/stanislavvarga/.dotfiles/external/wallpaper-ngn/wp-ngn
/bin/zsh: can't open input file: /Users/stanislavvarga/.dotfiles/external/wallpaper-ngn/wp-ngn
/bin/zsh: can't open input file: /Users/stanislavvarga/.dotfiles/external/wallpaper-ngn/wp-ngn
/bin/zsh: can't open input file: /Users/stanislavvarga/.dotfiles/external/wallpaper-ngn/wp-ngn
/bin/zsh: can't open input file: /Users/stanislavvarga/.dotfiles/external/wallpaper-ngn/wp-ngn
/bin/zsh: can't open input file: /Users/stanislavvarga/.dotfiles/external/wallpaper-ngn/wp-ngn
/bin/zsh: can't open input file: /Users/stanislavvarga/.dotfiles/external/wallpaper-ngn/wp-ngn
/bin/zsh: can't open input file: /Users/stanislavvarga/.dotfiles/external/wallpaper-ngn/wp-ngn
/bin/zsh: can't open input file: /Users/stanislavvarga/.dotfiles/external/wallpaper-ngn/wp-ngn
/bin/zsh: can't open input file: /Users/stanislavvarga/.dotfiles/external/wallpaper-ngn/wp-ngn
/bin/zsh: can't open input file: /Users/stanislavvarga/.dotfiles/external/wallpaper-ngn/wp-ngn
/bin/zsh: can't open input file: /Users/stanislavvarga/.dotfiles/external/wallpaper-ngn/wp-ngn
/bin/zsh: can't open input file: /Users/stanislavvarga/.dotfiles/external/wallpaper-ngn/wp-ngn
/bin/zsh: can't open input file: /Users/stanislavvarga/.dotfiles/external/wallpaper-ngn/wp-ngn
/bin/zsh: can't open input file: /Users/stanislavvarga/.dotfiles/external/wallpaper-ngn/wp-ngn
/bin/zsh: can't open input file: /Users/stanislavvarga/.dotfiles/external/wallpaper-ngn/wp-ngn
/bin/zsh: can't open input file: /Users/stanislavvarga/.dotfiles/external/wallpaper-ngn/wp-ngn
/bin/zsh: can't open input file: /Users/stanislavvarga/.dotfiles/external/wallpaper-ngn/wp-ngn
/bin/zsh: can't open input file: /Users/stanislavvarga/.dotfiles/external/wallpaper-ngn/wp-ngn
/bin/zsh: can't open input file: /Users/stanislavvarga/.dotfiles/external/wallpaper-ngn/wp-ngn
/bin/zsh: can't open input file: /Users/stanislavvarga/.dotfiles/external/wallpaper-ngn/wp-ngn
/bin/zsh: can't open input file: /Users/stanislavvarga/.dotfiles/external/wallpaper-ngn/wp-ngn
/bin/zsh: can't open input file: /Users/stanislavvarga/.dotfiles/external/wallpaper-ngn/wp-ngn
/bin/zsh: can't open input file: /Users/stanislavvarga/.dotfiles/external/wallpaper-ngn/wp-ngn
/bin/zsh: can't open input file: /Users/stanislavvarga/.dotfiles/external/wallpaper-ngn/wp-ngn
/bin/zsh: can't open input file: /Users/stanislavvarga/.dotfiles/external/wallpaper-ngn/wp-ngn
/bin/zsh: can't open input file: /Users/stanislavvarga/.dotfiles/external/wallpaper-ngn/wp-ngn
/bin/zsh: can't open input file: /Users/stanislavvarga/.dotfiles/external/wallpaper-ngn/wp-ngn
/bin/zsh: can't open input file: /Users/stanislavvarga/.dotfiles/external/wallpaper-ngn/wp-ngn
/bin/zsh: can't open input file: /Users/stanislavvarga/.dotfiles/external/wallpaper-ngn/wp-ngn
/bin/zsh: can't open input file: /Users/stanislavvarga/.dotfiles/external/wallpaper-ngn/wp-ngn
/bin/zsh: can't open input file: /Users/stanislavvarga/.dotfiles/external/wallpaper-ngn/wp-ngn
/bin/zsh: can't open input file: /Users/stanislavvarga/.dotfiles/external/wallpaper-ngn/wp-ngn
/bin/zsh: can't open input file: /Users/stanislavvarga/.dotfiles/external/wallpaper-ngn/wp-ngn
/bin/zsh: can't open input file: /Users/stanislavvarga/.dotfiles/external/wallpaper-ngn/wp-ngn
/bin/zsh: can't open input file: /Users/stanislavvarga/.dotfiles/external/wallpaper-ngn/wp-ngn
/bin/zsh: can't open input file: /Users/stanislavvarga/.dotfiles/external/wallpaper-ngn/wp-ngn
/bin/zsh: can't open input file: /Users/stanislavvarga/.dotfiles/external/wallpaper-ngn/wp-ngn
/bin/zsh: can't open input file: /Users/stanislavvarga/.dotfiles/external/wallpaper-ngn/wp-ngn
/bin/zsh: can't open input file: /Users/stanislavvarga/.dotfiles/external/wallpaper-ngn/wp-ngn
/bin/zsh: can't open input file: /Users/stanislavvarga/.dotfiles/external/wallpaper-ngn/wp-ngn
/bin/zsh: can't open input file: /Users/stanislavvarga/.dotfiles/external/wallpaper-ngn/wp-ngn
/bin/zsh: can't open input file: /Users/stanislavvarga/.dotfiles/external/wallpaper-ngn/wp-ngn
/bin/zsh: can't open input file: /Users/stanislavvarga/.dotfiles/external/wallpaper-ngn/wp-ngn
/bin/zsh: can't open input file: /Users/stanislavvarga/.dotfiles/external/wallpaper-ngn/wp-ngn
/bin/zsh: can't open input file: /Users/stanislavvarga/.dotfiles/external/wallpaper-ngn/wp-ngn
/bin/zsh: can't open input file: /Users/stanislavvarga/.dotfiles/external/wallpaper-ngn/wp-ngn
/bin/zsh: can't open input file: /Users/stanislavvarga/.dotfiles/external/wallpaper-ngn/wp-ngn
/bin/zsh: can't open input file: /Users/stanislavvarga/.dotfiles/external/wallpaper-ngn/wp-ngn
/bin/zsh: can't open input file: /Users/stanislavvarga/.dotfiles/external/wallpaper-ngn/wp-ngn
/bin/zsh: can't open input file: /Users/stanislavvarga/.dotfiles/external/wallpaper-ngn/wp-ngn
/bin/zsh: can't open input file: /Users/stanislavvarga/.dotfiles/external/wallpaper-ngn/wp-ngn
/bin/zsh: can't open input file: /Users/stanislavvarga/.dotfiles/external/wallpaper-ngn/wp-ngn
/bin/zsh: can't open input file: /Users/stanislavvarga/.dotfiles/external/wallpaper-ngn/wp-ngn
/bin/zsh: can't open input file: /Users/stanislavvarga/.dotfiles/external/wallpaper-ngn/wp-ngn
/bin/zsh: can't open input file: /Users/stanislavvarga/.dotfiles/external/wallpaper-ngn/wp-ngn
/bin/zsh: can't open input file: /Users/stanislavvarga/.dotfiles/external/wallpaper-ngn/wp-ngn
/bin/zsh: can't open input file: /Users/stanislavvarga/.dotfiles/external/wallpaper-ngn/wp-ngn
/bin/zsh: can't open input file: /Users/stanislavvarga/.dotfiles/external/wallpaper-ngn/wp-ngn
/bin/zsh: can't open input file: /Users/stanislavvarga/.dotfiles/external/wallpaper-ngn/wp-ngn
/bin/zsh: can't open input file: /Users/stanislavvarga/.dotfiles/external/wallpaper-ngn/wp-ngn
/bin/zsh: can't open input file: /Users/stanislavvarga/.dotfiles/external/wallpaper-ngn/wp-ngn
/bin/zsh: can't open input file: /Users/stanislavvarga/.dotfiles/external/wallpaper-ngn/wp-ngn
/bin/zsh: can't open input file: /Users/stanislavvarga/.dotfiles/external/wallpaper-ngn/wp-ngn
/bin/zsh: can't open input file: /Users/stanislavvarga/.dotfiles/external/wallpaper-ngn/wp-ngn
/bin/zsh: can't open input file: /Users/stanislavvarga/.dotfiles/external/wallpaper-ngn/wp-ngn
/bin/zsh: can't open input file: /Users/stanislavvarga/.dotfiles/external/wallpaper-ngn/wp-ngn
/bin/zsh: can't open input file: /Users/stanislavvarga/.dotfiles/external/wallpaper-ngn/wp-ngn
/bin/zsh: can't open input file: /Users/stanislavvarga/.dotfiles/external/wallpaper-ngn/wp-ngn
/bin/zsh: can't open input file: /Users/stanislavvarga/.dotfiles/external/wallpaper-ngn/wp-ngn
/bin/zsh: can't open input file: /Users/stanislavvarga/.dotfiles/external/wallpaper-ngn/wp-ngn
/bin/zsh: can't open input file: /Users/stanislavvarga/.dotfiles/external/wallpaper-ngn/wp-ngn
/bin/zsh: can't open input file: /Users/stanislavvarga/.dotfiles/external/wallpaper-ngn/wp-ngn
/bin/zsh: can't open input file: /Users/stanislavvarga/.dotfiles/external/wallpaper-ngn/wp-ngn
/bin/zsh: can't open input file: /Users/stanislavvarga/.dotfiles/external/wallpaper-ngn/wp-ngn
/bin/zsh: can't open input file: /Users/stanislavvarga/.dotfiles/external/wallpaper-ngn/wp-ngn
/bin/zsh: can't open input file: /Users/stanislavvarga/.dotfiles/external/wallpaper-ngn/wp-ngn
/bin/zsh: can't open input file: /Users/stanislavvarga/.dotfiles/external/wallpaper-ngn/wp-ngn
/bin/zsh: can't open input file: /Users/stanislavvarga/.dotfiles/external/wallpaper-ngn/wp-ngn
/bin/zsh: can't open input file: /Users/stanislavvarga/.dotfiles/external/wallpaper-ngn/wp-ngn
/bin/zsh: can't open input file: /Users/stanislavvarga/.dotfiles/external/wallpaper-ngn/wp-ngn
/bin/zsh: can't open input file: /Users/stanislavvarga/.dotfiles/external/wallpaper-ngn/wp-ngn
/bin/zsh: can't open input file: /Users/stanislavvarga/.dotfiles/external/wallpaper-ngn/wp-ngn
/bin/zsh: can't open input file: /Users/stanislavvarga/.dotfiles/external/wallpaper-ngn/wp-ngn
/bin/zsh: can't open input file: /Users/stanislavvarga/.dotfiles/external/wallpaper-ngn/wp-ngn
/bin/zsh: can't open input file: /Users/stanislavvarga/.dotfiles/external/wallpaper-ngn/wp-ngn
/bin/zsh: can't open input file: /Users/stanislavvarga/.dotfiles/external/wallpaper-ngn/wp-ngn
/bin/zsh: can't open input file: /Users/stanislavvarga/.dotfiles/external/wallpaper-ngn/wp-ngn
/bin/zsh: can't open input file: /Users/stanislavvarga/.dotfiles/external/wallpaper-ngn/wp-ngn
/bin/zsh: can't open input file: /Users/stanislavvarga/.dotfiles/external/wallpaper-ngn/wp-ngn
/bin/zsh: can't open input file: /Users/stanislavvarga/.dotfiles/external/wallpaper-ngn/wp-ngn
/bin/zsh: can't open input file: /Users/stanislavvarga/.dotfiles/external/wallpaper-ngn/wp-ngn
/bin/zsh: can't open input file: /Users/stanislavvarga/.dotfiles/external/wallpaper-ngn/wp-ngn
/bin/zsh: can't open input file: /Users/stanislavvarga/.dotfiles/external/wallpaper-ngn/wp-ngn
/bin/zsh: can't open input file: /Users/stanislavvarga/.dotfiles/external/wallpaper-ngn/wp-ngn
/bin/zsh: can't open input file: /Users/stanislavvarga/.dotfiles/external/wallpaper-ngn/wp-ngn
/bin/zsh: can't open input file: /Users/stanislavvarga/.dotfiles/external/wallpaper-ngn/wp-ngn
/bin/zsh: can't open input file: /Users/stanislavvarga/.dotfiles/external/wallpaper-ngn/wp-ngn
/bin/zsh: can't open input file: /Users/stanislavvarga/.dotfiles/external/wallpaper-ngn/wp-ngn
/bin/zsh: can't open input file: /Users/stanislavvarga/.dotfiles/external/wallpaper-ngn/wp-ngn
/bin/zsh: can't open input file: /Users/stanislavvarga/.dotfiles/external/wallpaper-ngn/wp-ngn
/bin/zsh: can't open input file: /Users/stanislavvarga/.dotfiles/external/wallpaper-ngn/wp-ngn
/bin/zsh: can't open input file: /Users/stanislavvarga/.dotfiles/external/wallpaper-ngn/wp-ngn
/bin/zsh: can't open input file: /Users/stanislavvarga/.dotfiles/external/wallpaper-ngn/wp-ngn
/bin/zsh: can't open input file: /Users/stanislavvarga/.dotfiles/external/wallpaper-ngn/wp-ngn
/bin/zsh: can't open input file: /Users/stanislavvarga/.dotfiles/external/wallpaper-ngn/wp-ngn
/bin/zsh: can't open input file: /Users/stanislavvarga/.dotfiles/external/wallpaper-ngn/wp-ngn
/bin/zsh: can't open input file: /Users/stanislavvarga/.dotfiles/external/wallpaper-ngn/wp-ngn
/bin/zsh: can't open input file: /Users/stanislavvarga/.dotfiles/external/wallpaper-ngn/wp-ngn
/bin/zsh: can't open input file: /Users/stanislavvarga/.dotfiles/external/wallpaper-ngn/wp-ngn
/bin/zsh: can't open input file: /Users/stanislavvarga/.dotfiles/external/wallpaper-ngn/wp-ngn
/bin/zsh: can't open input file: /Users/stanislavvarga/.dotfiles/external/wallpaper-ngn/wp-ngn
/bin/zsh: can't open input file: /Users/stanislavvarga/.dotfiles/external/wallpaper-ngn/wp-ngn
/bin/zsh: can't open input file: /Users/stanislavvarga/.dotfiles/external/wallpaper-ngn/wp-ngn
/bin/zsh: can't open input file: /Users/stanislavvarga/.dotfiles/external/wallpaper-ngn/wp-ngn
/bin/zsh: can't open input file: /Users/stanislavvarga/.dotfiles/external/wallpaper-ngn/wp-ngn
/bin/zsh: can't open input file: /Users/stanislavvarga/.dotfiles/external/wallpaper-ngn/wp-ngn
/bin/zsh: can't open input file: /Users/stanislavvarga/.dotfiles/external/wallpaper-ngn/wp-ngn
/bin/zsh: can't open input file: /Users/stanislavvarga/.dotfiles/external/wallpaper-ngn/wp-ngn
/bin/zsh: can't open input file: /Users/stanislavvarga/.dotfiles/external/wallpaper-ngn/wp-ngn
/bin/zsh: can't open input file: /Users/stanislavvarga/.dotfiles/external/wallpaper-ngn/wp-ngn
/bin/zsh: can't open input file: /Users/stanislavvarga/.dotfiles/external/wallpaper-ngn/wp-ngn
/bin/zsh: can't open input file: /Users/stanislavvarga/.dotfiles/external/wallpaper-ngn/wp-ngn
/bin/zsh: can't open input file: /Users/stanislavvarga/.dotfiles/external/wallpaper-ngn/wp-ngn
/bin/zsh: can't open input file: /Users/stanislavvarga/.dotfiles/external/wallpaper-ngn/wp-ngn
/bin/zsh: can't open input file: /Users/stanislavvarga/.dotfiles/external/wallpaper-ngn/wp-ngn
/bin/zsh: can't open input file: /Users/stanislavvarga/.dotfiles/external/wallpaper-ngn/wp-ngn
/bin/zsh: can't open input file: /Users/stanislavvarga/.dotfiles/external/wallpaper-ngn/wp-ngn
/bin/zsh: can't open input file: /Users/stanislavvarga/.dotfiles/external/wallpaper-ngn/wp-ngn
/bin/zsh: can't open input file: /Users/stanislavvarga/.dotfiles/external/wallpaper-ngn/wp-ngn
/bin/zsh: can't open input file: /Users/stanislavvarga/.dotfiles/external/wallpaper-ngn/wp-ngn
/bin/zsh: can't open input file: /Users/stanislavvarga/.dotfiles/external/wallpaper-ngn/wp-ngn
/bin/zsh: can't open input file: /Users/stanislavvarga/.dotfiles/external/wallpaper-ngn/wp-ngn
/bin/zsh: can't open input file: /Users/stanislavvarga/.dotfiles/external/wallpaper-ngn/wp-ngn
/bin/zsh: can't open input file: /Users/stanislavvarga/.dotfiles/external/wallpaper-ngn/wp-ngn
/bin/zsh: can't open input file: /Users/stanislavvarga/.dotfiles/external/wallpaper-ngn/wp-ngn
/bin/zsh: can't open input file: /Users/stanislavvarga/.dotfiles/external/wallpaper-ngn/wp-ngn
/bin/zsh: can't open input file: /Users/stanislavvarga/.dotfiles/external/wallpaper-ngn/wp-ngn
/bin/zsh: can't open input file: /Users/stanislavvarga/.dotfiles/external/wallpaper-ngn/wp-ngn
/bin/zsh: can't open input file: /Users/stanislavvarga/.dotfiles/external/wallpaper-ngn/wp-ngn
/bin/zsh: can't open input file: /Users/stanislavvarga/.dotfiles/external/wallpaper-ngn/wp-ngn
/bin/zsh: can't open input file: /Users/stanislavvarga/.dotfiles/external/wallpaper-ngn/wp-ngn
/bin/zsh: can't open input file: /Users/stanislavvarga/.dotfiles/external/wallpaper-ngn/wp-ngn
/bin/zsh: can't open input file: /Users/stanislavvarga/.dotfiles/external/wallpaper-ngn/wp-ngn
/bin/zsh: can't open input file: /Users/stanislavvarga/.dotfiles/external/wallpaper-ngn/wp-ngn
/bin/zsh: can't open input file: /Users/stanislavvarga/.dotfiles/external/wallpaper-ngn/wp-ngn
/bin/zsh: can't open input file: /Users/stanislavvarga/.dotfiles/external/wallpaper-ngn/wp-ngn
/bin/zsh: can't open input file: /Users/stanislavvarga/.dotfiles/external/wallpaper-ngn/wp-ngn
/bin/zsh: can't open input file: /Users/stanislavvarga/.dotfiles/external/wallpaper-ngn/wp-ngn
/bin/zsh: can't open input file: /Users/stanislavvarga/.dotfiles/external/wallpaper-ngn/wp-ngn
/bin/zsh: can't open input file: /Users/stanislavvarga/.dotfiles/external/wallpaper-ngn/wp-ngn
/bin/zsh: can't open input file: /Users/stanislavvarga/.dotfiles/external/wallpaper-ngn/wp-ngn
/bin/zsh: can't open input file: /Users/stanislavvarga/.dotfiles/external/wallpaper-ngn/wp-ngn
/bin/zsh: can't open input file: /Users/stanislavvarga/.dotfiles/external/wallpaper-ngn/wp-ngn
/bin/zsh: can't open input file: /Users/stanislavvarga/.dotfiles/external/wallpaper-ngn/wp-ngn
/bin/zsh: can't open input file: /Users/stanislavvarga/.dotfiles/external/wallpaper-ngn/wp-ngn
/bin/zsh: can't open input file: /Users/stanislavvarga/.dotfiles/external/wallpaper-ngn/wp-ngn
/bin/zsh: can't open input file: /Users/stanislavvarga/.dotfiles/external/wallpaper-ngn/wp-ngn
/bin/zsh: can't open input file: /Users/stanislavvarga/.dotfiles/external/wallpaper-ngn/wp-ngn
/bin/zsh: can't open input file: /Users/stanislavvarga/.dotfiles/external/wallpaper-ngn/wp-ngn
/bin/zsh: can't open input file: /Users/stanislavvarga/.dotfiles/external/wallpaper-ngn/wp-ngn
/bin/zsh: can't open input file: /Users/stanislavvarga/.dotfiles/external/wallpaper-ngn/wp-ngn
/bin/zsh: can't open input file: /Users/stanislavvarga/.dotfiles/external/wallpaper-ngn/wp-ngn
/bin/zsh: can't open input file: /Users/stanislavvarga/.dotfiles/external/wallpaper-ngn/wp-ngn
/bin/zsh: can't open input file: /Users/stanislavvarga/.dotfiles/external/wallpaper-ngn/wp-ngn
/bin/zsh: can't open input file: /Users/stanislavvarga/.dotfiles/external/wallpaper-ngn/wp-ngn
/bin/zsh: can't open input file: /Users/stanislavvarga/.dotfiles/external/wallpaper-ngn/wp-ngn
/bin/zsh: can't open input file: /Users/stanislavvarga/.dotfiles/external/wallpaper-ngn/wp-ngn
/bin/zsh: can't open input file: /Users/stanislavvarga/.dotfiles/external/wallpaper-ngn/wp-ngn
/bin/zsh: can't open input file: /Users/stanislavvarga/.dotfiles/external/wallpaper-ngn/wp-ngn
/bin/zsh: can't open input file: /Users/stanislavvarga/.dotfiles/external/wallpaper-ngn/wp-ngn
/bin/zsh: can't open input file: /Users/stanislavvarga/.dotfiles/external/wallpaper-ngn/wp-ngn
/bin/zsh: can't open input file: /Users/stanislavvarga/.dotfiles/external/wallpaper-ngn/wp-ngn
/bin/zsh: can't open input file: /Users/stanislavvarga/.dotfiles/external/wallpaper-ngn/wp-ngn
/bin/zsh: can't open input file: /Users/stanislavvarga/.dotfiles/external/wallpaper-ngn/wp-ngn
/bin/zsh: can't open input file: /Users/stanislavvarga/.dotfiles/external/wallpaper-ngn/wp-ngn
/bin/zsh: can't open input file: /Users/stanislavvarga/.dotfiles/external/wallpaper-ngn/wp-ngn
/bin/zsh: can't open input file: /Users/stanislavvarga/.dotfiles/external/wallpaper-ngn/wp-ngn
/bin/zsh: can't open input file: /Users/stanislavvarga/.dotfiles/external/wallpaper-ngn/wp-ngn
/bin/zsh: can't open input file: /Users/stanislavvarga/.dotfiles/external/wallpaper-ngn/wp-ngn
/bin/zsh: can't open input file: /Users/stanislavvarga/.dotfiles/external/wallpaper-ngn/wp-ngn
/bin/zsh: can't open input file: /Users/stanislavvarga/.dotfiles/external/wallpaper-ngn/wp-ngn
/bin/zsh: can't open input file: /Users/stanislavvarga/.dotfiles/external/wallpaper-ngn/wp-ngn
/bin/zsh: can't open input file: /Users/stanislavvarga/.dotfiles/external/wallpaper-ngn/wp-ngn
/bin/zsh: can't open input file: /Users/stanislavvarga/.dotfiles/external/wallpaper-ngn/wp-ngn
/bin/zsh: can't open input file: /Users/stanislavvarga/.dotfiles/external/wallpaper-ngn/wp-ngn
/bin/zsh: can't open input file: /Users/stanislavvarga/.dotfiles/external/wallpaper-ngn/wp-ngn
/bin/zsh: can't open input file: /Users/stanislavvarga/.dotfiles/external/wallpaper-ngn/wp-ngn
/bin/zsh: can't open input file: /Users/stanislavvarga/.dotfiles/external/wallpaper-ngn/wp-ngn
/bin/zsh: can't open input file: /Users/stanislavvarga/.dotfiles/external/wallpaper-ngn/wp-ngn
/bin/zsh: can't open input file: /Users/stanislavvarga/.dotfiles/external/wallpaper-ngn/wp-ngn
/bin/zsh: can't open input file: /Users/stanislavvarga/.dotfiles/external/wallpaper-ngn/wp-ngn
/bin/zsh: can't open input file: /Users/stanislavvarga/.dotfiles/external/wallpaper-ngn/wp-ngn
/bin/zsh: can't open input file: /Users/stanislavvarga/.dotfiles/external/wallpaper-ngn/wp-ngn
/bin/zsh: can't open input file: /Users/stanislavvarga/.dotfiles/external/wallpaper-ngn/wp-ngn
/bin/zsh: can't open input file: /Users/stanislavvarga/.dotfiles/external/wallpaper-ngn/wp-ngn
/bin/zsh: can't open input file: /Users/stanislavvarga/.dotfiles/external/wallpaper-ngn/wp-ngn
/bin/zsh: can't open input file: /Users/stanislavvarga/.dotfiles/external/wallpaper-ngn/wp-ngn
/bin/zsh: can't open input file: /Users/stanislavvarga/.dotfiles/external/wallpaper-ngn/wp-ngn
/bin/zsh: can't open input file: /Users/stanislavvarga/.dotfiles/external/wallpaper-ngn/wp-ngn
/bin/zsh: can't open input file: /Users/stanislavvarga/.dotfiles/external/wallpaper-ngn/wp-ngn
/bin/zsh: can't open input file: /Users/stanislavvarga/.dotfiles/external/wallpaper-ngn/wp-ngn
/bin/zsh: can't open input file: /Users/stanislavvarga/.dotfiles/external/wallpaper-ngn/wp-ngn
/bin/zsh: can't open input file: /Users/stanislavvarga/.dotfiles/external/wallpaper-ngn/wp-ngn
/bin/zsh: can't open input file: /Users/stanislavvarga/.dotfiles/external/wallpaper-ngn/wp-ngn
/bin/zsh: can't open input file: /Users/stanislavvarga/.dotfiles/external/wallpaper-ngn/wp-ngn
/bin/zsh: can't open input file: /Users/stanislavvarga/.dotfiles/external/wallpaper-ngn/wp-ngn
/bin/zsh: can't open input file: /Users/stanislavvarga/.dotfiles/external/wallpaper-ngn/wp-ngn
/bin/zsh: can't open input file: /Users/stanislavvarga/.dotfiles/external/wallpaper-ngn/wp-ngn
/bin/zsh: can't open input file: /Users/stanislavvarga/.dotfiles/external/wallpaper-ngn/wp-ngn
/bin/zsh: can't open input file: /Users/stanislavvarga/.dotfiles/external/wallpaper-ngn/wp-ngn
/bin/zsh: can't open input file: /Users/stanislavvarga/.dotfiles/external/wallpaper-ngn/wp-ngn
/bin/zsh: can't open input file: /Users/stanislavvarga/.dotfiles/external/wallpaper-ngn/wp-ngn
/bin/zsh: can't open input file: /Users/stanislavvarga/.dotfiles/external/wallpaper-ngn/wp-ngn
/bin/zsh: can't open input file: /Users/stanislavvarga/.dotfiles/external/wallpaper-ngn/wp-ngn
/bin/zsh: can't open input file: /Users/stanislavvarga/.dotfiles/external/wallpaper-ngn/wp-ngn
/bin/zsh: can't open input file: /Users/stanislavvarga/.dotfiles/external/wallpaper-ngn/wp-ngn
/bin/zsh: can't open input file: /Users/stanislavvarga/.dotfiles/external/wallpaper-ngn/wp-ngn
/bin/zsh: can't open input file: /Users/stanislavvarga/.dotfiles/external/wallpaper-ngn/wp-ngn
/bin/zsh: can't open input file: /Users/stanislavvarga/.dotfiles/external/wallpaper-ngn/wp-ngn
/bin/zsh: can't open input file: /Users/stanislavvarga/.dotfiles/external/wallpaper-ngn/wp-ngn
/bin/zsh: can't open input file: /Users/stanislavvarga/.dotfiles/external/wallpaper-ngn/wp-ngn
/bin/zsh: can't open input file: /Users/stanislavvarga/.dotfiles/external/wallpaper-ngn/wp-ngn
/bin/zsh: can't open input file: /Users/stanislavvarga/.dotfiles/external/wallpaper-ngn/wp-ngn
/bin/zsh: can't open input file: /Users/stanislavvarga/.dotfiles/external/wallpaper-ngn/wp-ngn
/bin/zsh: can't open input file: /Users/stanislavvarga/.dotfiles/external/wallpaper-ngn/wp-ngn
/bin/zsh: can't open input file: /Users/stanislavvarga/.dotfiles/external/wallpaper-ngn/wp-ngn
/bin/zsh: can't open input file: /Users/stanislavvarga/.dotfiles/external/wallpaper-ngn/wp-ngn
/bin/zsh: can't open input file: /Users/stanislavvarga/.dotfiles/external/wallpaper-ngn/wp-ngn
/bin/zsh: can't open input file: /Users/stanislavvarga/.dotfiles/external/wallpaper-ngn/wp-ngn
/bin/zsh: can't open input file: /Users/stanislavvarga/.dotfiles/external/wallpaper-ngn/wp-ngn
/bin/zsh: can't open input file: /Users/stanislavvarga/.dotfiles/external/wallpaper-ngn/wp-ngn
/bin/zsh: can't open input file: /Users/stanislavvarga/.dotfiles/external/wallpaper-ngn/wp-ngn
/bin/zsh: can't open input file: /Users/stanislavvarga/.dotfiles/external/wallpaper-ngn/wp-ngn
/bin/zsh: can't open input file: /Users/stanislavvarga/.dotfiles/external/wallpaper-ngn/wp-ngn
/bin/zsh: can't open input file: /Users/stanislavvarga/.dotfiles/external/wallpaper-ngn/wp-ngn
/bin/zsh: can't open input file: /Users/stanislavvarga/.dotfiles/external/wallpaper-ngn/wp-ngn
/bin/zsh: can't open input file: /Users/stanislavvarga/.dotfiles/external/wallpaper-ngn/wp-ngn
/bin/zsh: can't open input file: /Users/stanislavvarga/.dotfiles/external/wallpaper-ngn/wp-ngn
/bin/zsh: can't open input file: /Users/stanislavvarga/.dotfiles/external/wallpaper-ngn/wp-ngn
/bin/zsh: can't open input file: /Users/stanislavvarga/.dotfiles/external/wallpaper-ngn/wp-ngn
/bin/zsh: can't open input file: /Users/stanislavvarga/.dotfiles/external/wallpaper-ngn/wp-ngn
/bin/zsh: can't open input file: /Users/stanislavvarga/.dotfiles/external/wallpaper-ngn/wp-ngn
/bin/zsh: can't open input file: /Users/stanislavvarga/.dotfiles/external/wallpaper-ngn/wp-ngn
/bin/zsh: can't open input file: /Users/stanislavvarga/.dotfiles/external/wallpaper-ngn/wp-ngn
/bin/zsh: can't open input file: /Users/stanislavvarga/.dotfiles/external/wallpaper-ngn/wp-ngn
/bin/zsh: can't open input file: /Users/stanislavvarga/.dotfiles/external/wallpaper-ngn/wp-ngn
/bin/zsh: can't open input file: /Users/stanislavvarga/.dotfiles/external/wallpaper-ngn/wp-ngn
/bin/zsh: can't open input file: /Users/stanislavvarga/.dotfiles/external/wallpaper-ngn/wp-ngn
/bin/zsh: can't open input file: /Users/stanislavvarga/.dotfiles/external/wallpaper-ngn/wp-ngn
/bin/zsh: can't open input file: /Users/stanislavvarga/.dotfiles/external/wallpaper-ngn/wp-ngn
/bin/zsh: can't open input file: /Users/stanislavvarga/.dotfiles/external/wallpaper-ngn/wp-ngn
/bin/zsh: can't open input file: /Users/stanislavvarga/.dotfiles/external/wallpaper-ngn/wp-ngn
/bin/zsh: can't open input file: /Users/stanislavvarga/.dotfiles/external/wallpaper-ngn/wp-ngn
/bin/zsh: can't open input file: /Users/stanislavvarga/.dotfiles/external/wallpaper-ngn/wp-ngn
/bin/zsh: can't open input file: /Users/stanislavvarga/.dotfiles/external/wallpaper-ngn/wp-ngn
/bin/zsh: can't open input file: /Users/stanislavvarga/.dotfiles/external/wallpaper-ngn/wp-ngn
/bin/zsh: can't open input file: /Users/stanislavvarga/.dotfiles/external/wallpaper-ngn/wp-ngn
/bin/zsh: can't open input file: /Users/stanislavvarga/.dotfiles/external/wallpaper-ngn/wp-ngn
/bin/zsh: can't open input file: /Users/stanislavvarga/.dotfiles/external/wallpaper-ngn/wp-ngn
/bin/zsh: can't open input file: /Users/stanislavvarga/.dotfiles/external/wallpaper-ngn/wp-ngn
/bin/zsh: can't open input file: /Users/stanislavvarga/.dotfiles/external/wallpaper-ngn/wp-ngn
/bin/zsh: can't open input file: /Users/stanislavvarga/.dotfiles/external/wallpaper-ngn/wp-ngn
/bin/zsh: can't open input file: /Users/stanislavvarga/.dotfiles/external/wallpaper-ngn/wp-ngn
/bin/zsh: can't open input file: /Users/stanislavvarga/.dotfiles/external/wallpaper-ngn/wp-ngn
/bin/zsh: can't open input file: /Users/stanislavvarga/.dotfiles/external/wallpaper-ngn/wp-ngn
/bin/zsh: can't open input file: /Users/stanislavvarga/.dotfiles/external/wallpaper-ngn/wp-ngn
/bin/zsh: can't open input file: /Users/stanislavvarga/.dotfiles/external/wallpaper-ngn/wp-ngn
/bin/zsh: can't open input file: /Users/stanislavvarga/.dotfiles/external/wallpaper-ngn/wp-ngn
/bin/zsh: can't open input file: /Users/stanislavvarga/.dotfiles/external/wallpaper-ngn/wp-ngn
/bin/zsh: can't open input file: /Users/stanislavvarga/.dotfiles/external/wallpaper-ngn/wp-ngn
/bin/zsh: can't open input file: /Users/stanislavvarga/.dotfiles/external/wallpaper-ngn/wp-ngn
/bin/zsh: can't open input file: /Users/stanislavvarga/.dotfiles/external/wallpaper-ngn/wp-ngn
/bin/zsh: can't open input file: /Users/stanislavvarga/.dotfiles/external/wallpaper-ngn/wp-ngn
/bin/zsh: can't open input file: /Users/stanislavvarga/.dotfiles/external/wallpaper-ngn/wp-ngn
/bin/zsh: can't open input file: /Users/stanislavvarga/.dotfiles/external/wallpaper-ngn/wp-ngn
/bin/zsh: can't open input file: /Users/stanislavvarga/.dotfiles/external/wallpaper-ngn/wp-ngn
/bin/zsh: can't open input file: /Users/stanislavvarga/.dotfiles/external/wallpaper-ngn/wp-ngn
/bin/zsh: can't open input file: /Users/stanislavvarga/.dotfiles/external/wallpaper-ngn/wp-ngn
/bin/zsh: can't open input file: /Users/stanislavvarga/.dotfiles/external/wallpaper-ngn/wp-ngn
/bin/zsh: can't open input file: /Users/stanislavvarga/.dotfiles/external/wallpaper-ngn/wp-ngn
/bin/zsh: can't open input file: /Users/stanislavvarga/.dotfiles/external/wallpaper-ngn/wp-ngn
/bin/zsh: can't open input file: /Users/stanislavvarga/.dotfiles/external/wallpaper-ngn/wp-ngn
/bin/zsh: can't open input file: /Users/stanislavvarga/.dotfiles/external/wallpaper-ngn/wp-ngn
/bin/zsh: can't open input file: /Users/stanislavvarga/.dotfiles/external/wallpaper-ngn/wp-ngn
/bin/zsh: can't open input file: /Users/stanislavvarga/.dotfiles/external/wallpaper-ngn/wp-ngn
/bin/zsh: can't open input file: /Users/stanislavvarga/.dotfiles/external/wallpaper-ngn/wp-ngn
/bin/zsh: can't open input file: /Users/stanislavvarga/.dotfiles/external/wallpaper-ngn/wp-ngn
/bin/zsh: can't open input file: /Users/stanislavvarga/.dotfiles/external/wallpaper-ngn/wp-ngn
/bin/zsh: can't open input file: /Users/stanislavvarga/.dotfiles/external/wallpaper-ngn/wp-ngn
/bin/zsh: can't open input file: /Users/stanislavvarga/.dotfiles/external/wallpaper-ngn/wp-ngn
/bin/zsh: can't open input file: /Users/stanislavvarga/.dotfiles/external/wallpaper-ngn/wp-ngn
/bin/zsh: can't open input file: /Users/stanislavvarga/.dotfiles/external/wallpaper-ngn/wp-ngn
/bin/zsh: can't open input file: /Users/stanislavvarga/.dotfiles/external/wallpaper-ngn/wp-ngn
/bin/zsh: can't open input file: /Users/stanislavvarga/.dotfiles/external/wallpaper-ngn/wp-ngn
/bin/zsh: can't open input file: /Users/stanislavvarga/.dotfiles/external/wallpaper-ngn/wp-ngn
/bin/zsh: can't open input file: /Users/stanislavvarga/.dotfiles/external/wallpaper-ngn/wp-ngn
/bin/zsh: can't open input file: /Users/stanislavvarga/.dotfiles/external/wallpaper-ngn/wp-ngn
/bin/zsh: can't open input file: /Users/stanislavvarga/.dotfiles/external/wallpaper-ngn/wp-ngn
/bin/zsh: can't open input file: /Users/stanislavvarga/.dotfiles/external/wallpaper-ngn/wp-ngn
/bin/zsh: can't open input file: /Users/stanislavvarga/.dotfiles/external/wallpaper-ngn/wp-ngn
/bin/zsh: can't open input file: /Users/stanislavvarga/.dotfiles/external/wallpaper-ngn/wp-ngn
/bin/zsh: can't open input file: /Users/stanislavvarga/.dotfiles/external/wallpaper-ngn/wp-ngn
/bin/zsh: can't open input file: /Users/stanislavvarga/.dotfiles/external/wallpaper-ngn/wp-ngn
/bin/zsh: can't open input file: /Users/stanislavvarga/.dotfiles/external/wallpaper-ngn/wp-ngn
/bin/zsh: can't open input file: /Users/stanislavvarga/.dotfiles/external/wallpaper-ngn/wp-ngn
/bin/zsh: can't open input file: /Users/stanislavvarga/.dotfiles/external/wallpaper-ngn/wp-ngn
/bin/zsh: can't open input file: /Users/stanislavvarga/.dotfiles/external/wallpaper-ngn/wp-ngn
/bin/zsh: can't open input file: /Users/stanislavvarga/.dotfiles/external/wallpaper-ngn/wp-ngn
/bin/zsh: can't open input file: /Users/stanislavvarga/.dotfiles/external/wallpaper-ngn/wp-ngn
/bin/zsh: can't open input file: /Users/stanislavvarga/.dotfiles/external/wallpaper-ngn/wp-ngn
/bin/zsh: can't open input file: /Users/stanislavvarga/.dotfiles/external/wallpaper-ngn/wp-ngn
/bin/zsh: can't open input file: /Users/stanislavvarga/.dotfiles/external/wallpaper-ngn/wp-ngn
/bin/zsh: can't open input file: /Users/stanislavvarga/.dotfiles/external/wallpaper-ngn/wp-ngn
/bin/zsh: can't open input file: /Users/stanislavvarga/.dotfiles/external/wallpaper-ngn/wp-ngn
/bin/zsh: can't open input file: /Users/stanislavvarga/.dotfiles/external/wallpaper-ngn/wp-ngn
/bin/zsh: can't open input file: /Users/stanislavvarga/.dotfiles/external/wallpaper-ngn/wp-ngn
/bin/zsh: can't open input file: /Users/stanislavvarga/.dotfiles/external/wallpaper-ngn/wp-ngn
/bin/zsh: can't open input file: /Users/stanislavvarga/.dotfiles/external/wallpaper-ngn/wp-ngn
/bin/zsh: can't open input file: /Users/stanislavvarga/.dotfiles/external/wallpaper-ngn/wp-ngn
/bin/zsh: can't open input file: /Users/stanislavvarga/.dotfiles/external/wallpaper-ngn/wp-ngn
/bin/zsh: can't open input file: /Users/stanislavvarga/.dotfiles/external/wallpaper-ngn/wp-ngn
/bin/zsh: can't open input file: /Users/stanislavvarga/.dotfiles/external/wallpaper-ngn/wp-ngn
/bin/zsh: can't open input file: /Users/stanislavvarga/.dotfiles/external/wallpaper-ngn/wp-ngn
/bin/zsh: can't open input file: /Users/stanislavvarga/.dotfiles/external/wallpaper-ngn/wp-ngn
/bin/zsh: can't open input file: /Users/stanislavvarga/.dotfiles/external/wallpaper-ngn/wp-ngn
/bin/zsh: can't open input file: /Users/stanislavvarga/.dotfiles/external/wallpaper-ngn/wp-ngn
/bin/zsh: can't open input file: /Users/stanislavvarga/.dotfiles/external/wallpaper-ngn/wp-ngn
/bin/zsh: can't open input file: /Users/stanislavvarga/.dotfiles/external/wallpaper-ngn/wp-ngn
/bin/zsh: can't open input file: /Users/stanislavvarga/.dotfiles/external/wallpaper-ngn/wp-ngn
/bin/zsh: can't open input file: /Users/stanislavvarga/.dotfiles/external/wallpaper-ngn/wp-ngn
/bin/zsh: can't open input file: /Users/stanislavvarga/.dotfiles/external/wallpaper-ngn/wp-ngn
/bin/zsh: can't open input file: /Users/stanislavvarga/.dotfiles/external/wallpaper-ngn/wp-ngn
/bin/zsh: can't open input file: /Users/stanislavvarga/.dotfiles/external/wallpaper-ngn/wp-ngn
/bin/zsh: can't open input file: /Users/stanislavvarga/.dotfiles/external/wallpaper-ngn/wp-ngn
/bin/zsh: can't open input file: /Users/stanislavvarga/.dotfiles/external/wallpaper-ngn/wp-ngn
/bin/zsh: can't open input file: /Users/stanislavvarga/.dotfiles/external/wallpaper-ngn/wp-ngn
/bin/zsh: can't open input file: /Users/stanislavvarga/.dotfiles/external/wallpaper-ngn/wp-ngn
/bin/zsh: can't open input file: /Users/stanislavvarga/.dotfiles/external/wallpaper-ngn/wp-ngn
/bin/zsh: can't open input file: /Users/stanislavvarga/.dotfiles/external/wallpaper-ngn/wp-ngn
/bin/zsh: can't open input file: /Users/stanislavvarga/.dotfiles/external/wallpaper-ngn/wp-ngn
/bin/zsh: can't open input file: /Users/stanislavvarga/.dotfiles/external/wallpaper-ngn/wp-ngn
/bin/zsh: can't open input file: /Users/stanislavvarga/.dotfiles/external/wallpaper-ngn/wp-ngn
/bin/zsh: can't open input file: /Users/stanislavvarga/.dotfiles/external/wallpaper-ngn/wp-ngn
/bin/zsh: can't open input file: /Users/stanislavvarga/.dotfiles/external/wallpaper-ngn/wp-ngn
/bin/zsh: can't open input file: /Users/stanislavvarga/.dotfiles/external/wallpaper-ngn/wp-ngn
/bin/zsh: can't open input file: /Users/stanislavvarga/.dotfiles/external/wallpaper-ngn/wp-ngn
/bin/zsh: can't open input file: /Users/stanislavvarga/.dotfiles/external/wallpaper-ngn/wp-ngn
/bin/zsh: can't open input file: /Users/stanislavvarga/.dotfiles/external/wallpaper-ngn/wp-ngn
/bin/zsh: can't open input file: /Users/stanislavvarga/.dotfiles/external/wallpaper-ngn/wp-ngn
/bin/zsh: can't open input file: /Users/stanislavvarga/.dotfiles/external/wallpaper-ngn/wp-ngn
/bin/zsh: can't open input file: /Users/stanislavvarga/.dotfiles/external/wallpaper-ngn/wp-ngn
/bin/zsh: can't open input file: /Users/stanislavvarga/.dotfiles/external/wallpaper-ngn/wp-ngn
/bin/zsh: can't open input file: /Users/stanislavvarga/.dotfiles/external/wallpaper-ngn/wp-ngn
/bin/zsh: can't open input file: /Users/stanislavvarga/.dotfiles/external/wallpaper-ngn/wp-ngn
/bin/zsh: can't open input file: /Users/stanislavvarga/.dotfiles/external/wallpaper-ngn/wp-ngn
/bin/zsh: can't open input file: /Users/stanislavvarga/.dotfiles/external/wallpaper-ngn/wp-ngn
/bin/zsh: can't open input file: /Users/stanislavvarga/.dotfiles/external/wallpaper-ngn/wp-ngn
/bin/zsh: can't open input file: /Users/stanislavvarga/.dotfiles/external/wallpaper-ngn/wp-ngn
/bin/zsh: can't open input file: /Users/stanislavvarga/.dotfiles/external/wallpaper-ngn/wp-ngn
/bin/zsh: can't open input file: /Users/stanislavvarga/.dotfiles/external/wallpaper-ngn/wp-ngn
/bin/zsh: can't open input file: /Users/stanislavvarga/.dotfiles/external/wallpaper-ngn/wp-ngn
/bin/zsh: can't open input file: /Users/stanislavvarga/.dotfiles/external/wallpaper-ngn/wp-ngn
/bin/zsh: can't open input file: /Users/stanislavvarga/.dotfiles/external/wallpaper-ngn/wp-ngn
/bin/zsh: can't open input file: /Users/stanislavvarga/.dotfiles/external/wallpaper-ngn/wp-ngn
/bin/zsh: can't open input file: /Users/stanislavvarga/.dotfiles/external/wallpaper-ngn/wp-ngn
/bin/zsh: can't open input file: /Users/stanislavvarga/.dotfiles/external/wallpaper-ngn/wp-ngn
/bin/zsh: can't open input file: /Users/stanislavvarga/.dotfiles/external/wallpaper-ngn/wp-ngn
/bin/zsh: can't open input file: /Users/stanislavvarga/.dotfiles/external/wallpaper-ngn/wp-ngn
/bin/zsh: can't open input file: /Users/stanislavvarga/.dotfiles/external/wallpaper-ngn/wp-ngn
/bin/zsh: can't open input file: /Users/stanislavvarga/.dotfiles/external/wallpaper-ngn/wp-ngn
/bin/zsh: can't open input file: /Users/stanislavvarga/.dotfiles/external/wallpaper-ngn/wp-ngn
/bin/zsh: can't open input file: /Users/stanislavvarga/.dotfiles/external/wallpaper-ngn/wp-ngn
/bin/zsh: can't open input file: /Users/stanislavvarga/.dotfiles/external/wallpaper-ngn/wp-ngn
/bin/zsh: can't open input file: /Users/stanislavvarga/.dotfiles/external/wallpaper-ngn/wp-ngn
/bin/zsh: can't open input file: /Users/stanislavvarga/.dotfiles/external/wallpaper-ngn/wp-ngn
/bin/zsh: can't open input file: /Users/stanislavvarga/.dotfiles/external/wallpaper-ngn/wp-ngn
/bin/zsh: can't open input file: /Users/stanislavvarga/.dotfiles/external/wallpaper-ngn/wp-ngn
/bin/zsh: can't open input file: /Users/stanislavvarga/.dotfiles/external/wallpaper-ngn/wp-ngn
/bin/zsh: can't open input file: /Users/stanislavvarga/.dotfiles/external/wallpaper-ngn/wp-ngn
/bin/zsh: can't open input file: /Users/stanislavvarga/.dotfiles/external/wallpaper-ngn/wp-ngn
/bin/zsh: can't open input file: /Users/stanislavvarga/.dotfiles/external/wallpaper-ngn/wp-ngn
/bin/zsh: can't open input file: /Users/stanislavvarga/.dotfiles/external/wallpaper-ngn/wp-ngn
/bin/zsh: can't open input file: /Users/stanislavvarga/.dotfiles/external/wallpaper-ngn/wp-ngn
/bin/zsh: can't open input file: /Users/stanislavvarga/.dotfiles/external/wallpaper-ngn/wp-ngn
/bin/zsh: can't open input file: /Users/stanislavvarga/.dotfiles/external/wallpaper-ngn/wp-ngn
/bin/zsh: can't open input file: /Users/stanislavvarga/.dotfiles/external/wallpaper-ngn/wp-ngn
/bin/zsh: can't open input file: /Users/stanislavvarga/.dotfiles/external/wallpaper-ngn/wp-ngn
/bin/zsh: can't open input file: /Users/stanislavvarga/.dotfiles/external/wallpaper-ngn/wp-ngn
/bin/zsh: can't open input file: /Users/stanislavvarga/.dotfiles/external/wallpaper-ngn/wp-ngn
/bin/zsh: can't open input file: /Users/stanislavvarga/.dotfiles/external/wallpaper-ngn/wp-ngn
/bin/zsh: can't open input file: /Users/stanislavvarga/.dotfiles/external/wallpaper-ngn/wp-ngn
/bin/zsh: can't open input file: /Users/stanislavvarga/.dotfiles/external/wallpaper-ngn/wp-ngn
/bin/zsh: can't open input file: /Users/stanislavvarga/.dotfiles/external/wallpaper-ngn/wp-ngn
/bin/zsh: can't open input file: /Users/stanislavvarga/.dotfiles/external/wallpaper-ngn/wp-ngn
/bin/zsh: can't open input file: /Users/stanislavvarga/.dotfiles/external/wallpaper-ngn/wp-ngn
/bin/zsh: can't open input file: /Users/stanislavvarga/.dotfiles/external/wallpaper-ngn/wp-ngn
/bin/zsh: can't open input file: /Users/stanislavvarga/.dotfiles/external/wallpaper-ngn/wp-ngn
/bin/zsh: can't open input file: /Users/stanislavvarga/.dotfiles/external/wallpaper-ngn/wp-ngn
/bin/zsh: can't open input file: /Users/stanislavvarga/.dotfiles/external/wallpaper-ngn/wp-ngn
/bin/zsh: can't open input file: /Users/stanislavvarga/.dotfiles/external/wallpaper-ngn/wp-ngn
/bin/zsh: can't open input file: /Users/stanislavvarga/.dotfiles/external/wallpaper-ngn/wp-ngn
/bin/zsh: can't open input file: /Users/stanislavvarga/.dotfiles/external/wallpaper-ngn/wp-ngn
/bin/zsh: can't open input file: /Users/stanislavvarga/.dotfiles/external/wallpaper-ngn/wp-ngn
/bin/zsh: can't open input file: /Users/stanislavvarga/.dotfiles/external/wallpaper-ngn/wp-ngn
/bin/zsh: can't open input file: /Users/stanislavvarga/.dotfiles/external/wallpaper-ngn/wp-ngn
/bin/zsh: can't open input file: /Users/stanislavvarga/.dotfiles/external/wallpaper-ngn/wp-ngn
/bin/zsh: can't open input file: /Users/stanislavvarga/.dotfiles/external/wallpaper-ngn/wp-ngn
/bin/zsh: can't open input file: /Users/stanislavvarga/.dotfiles/external/wallpaper-ngn/wp-ngn
/bin/zsh: can't open input file: /Users/stanislavvarga/.dotfiles/external/wallpaper-ngn/wp-ngn
/bin/zsh: can't open input file: /Users/stanislavvarga/.dotfiles/external/wallpaper-ngn/wp-ngn
/bin/zsh: can't open input file: /Users/stanislavvarga/.dotfiles/external/wallpaper-ngn/wp-ngn
/bin/zsh: can't open input file: /Users/stanislavvarga/.dotfiles/external/wallpaper-ngn/wp-ngn
/bin/zsh: can't open input file: /Users/stanislavvarga/.dotfiles/external/wallpaper-ngn/wp-ngn
/bin/zsh: can't open input file: /Users/stanislavvarga/.dotfiles/external/wallpaper-ngn/wp-ngn
/bin/zsh: can't open input file: /Users/stanislavvarga/.dotfiles/external/wallpaper-ngn/wp-ngn
/bin/zsh: can't open input file: /Users/stanislavvarga/.dotfiles/external/wallpaper-ngn/wp-ngn
/bin/zsh: can't open input file: /Users/stanislavvarga/.dotfiles/external/wallpaper-ngn/wp-ngn
/bin/zsh: can't open input file: /Users/stanislavvarga/.dotfiles/external/wallpaper-ngn/wp-ngn
/bin/zsh: can't open input file: /Users/stanislavvarga/.dotfiles/external/wallpaper-ngn/wp-ngn
/bin/zsh: can't open input file: /Users/stanislavvarga/.dotfiles/external/wallpaper-ngn/wp-ngn
/bin/zsh: can't open input file: /Users/stanislavvarga/.dotfiles/external/wallpaper-ngn/wp-ngn
/bin/zsh: can't open input file: /Users/stanislavvarga/.dotfiles/external/wallpaper-ngn/wp-ngn
/bin/zsh: can't open input file: /Users/stanislavvarga/.dotfiles/external/wallpaper-ngn/wp-ngn
/bin/zsh: can't open input file: /Users/stanislavvarga/.dotfiles/external/wallpaper-ngn/wp-ngn
/bin/zsh: can't open input file: /Users/stanislavvarga/.dotfiles/external/wallpaper-ngn/wp-ngn
/bin/zsh: can't open input file: /Users/stanislavvarga/.dotfiles/external/wallpaper-ngn/wp-ngn
/bin/zsh: can't open input file: /Users/stanislavvarga/.dotfiles/external/wallpaper-ngn/wp-ngn
/bin/zsh: can't open input file: /Users/stanislavvarga/.dotfiles/external/wallpaper-ngn/wp-ngn
/bin/zsh: can't open input file: /Users/stanislavvarga/.dotfiles/external/wallpaper-ngn/wp-ngn
/bin/zsh: can't open input file: /Users/stanislavvarga/.dotfiles/external/wallpaper-ngn/wp-ngn
/bin/zsh: can't open input file: /Users/stanislavvarga/.dotfiles/external/wallpaper-ngn/wp-ngn
/bin/zsh: can't open input file: /Users/stanislavvarga/.dotfiles/external/wallpaper-ngn/wp-ngn
/bin/zsh: can't open input file: /Users/stanislavvarga/.dotfiles/external/wallpaper-ngn/wp-ngn
/bin/zsh: can't open input file: /Users/stanislavvarga/.dotfiles/external/wallpaper-ngn/wp-ngn
/bin/zsh: can't open input file: /Users/stanislavvarga/.dotfiles/external/wallpaper-ngn/wp-ngn
/bin/zsh: can't open input file: /Users/stanislavvarga/.dotfiles/external/wallpaper-ngn/wp-ngn
/bin/zsh: can't open input file: /Users/stanislavvarga/.dotfiles/external/wallpaper-ngn/wp-ngn
/bin/zsh: can't open input file: /Users/stanislavvarga/.dotfiles/external/wallpaper-ngn/wp-ngn
/bin/zsh: can't open input file: /Users/stanislavvarga/.dotfiles/external/wallpaper-ngn/wp-ngn
/bin/zsh: can't open input file: /Users/stanislavvarga/.dotfiles/external/wallpaper-ngn/wp-ngn
/bin/zsh: can't open input file: /Users/stanislavvarga/.dotfiles/external/wallpaper-ngn/wp-ngn
/bin/zsh: can't open input file: /Users/stanislavvarga/.dotfiles/external/wallpaper-ngn/wp-ngn
/bin/zsh: can't open input file: /Users/stanislavvarga/.dotfiles/external/wallpaper-ngn/wp-ngn
/bin/zsh: can't open input file: /Users/stanislavvarga/.dotfiles/external/wallpaper-ngn/wp-ngn
/bin/zsh: can't open input file: /Users/stanislavvarga/.dotfiles/external/wallpaper-ngn/wp-ngn
/bin/zsh: can't open input file: /Users/stanislavvarga/.dotfiles/external/wallpaper-ngn/wp-ngn
/bin/zsh: can't open input file: /Users/stanislavvarga/.dotfiles/external/wallpaper-ngn/wp-ngn
/bin/zsh: can't open input file: /Users/stanislavvarga/.dotfiles/external/wallpaper-ngn/wp-ngn
/bin/zsh: can't open input file: /Users/stanislavvarga/.dotfiles/external/wallpaper-ngn/wp-ngn
/bin/zsh: can't open input file: /Users/stanislavvarga/.dotfiles/external/wallpaper-ngn/wp-ngn
/bin/zsh: can't open input file: /Users/stanislavvarga/.dotfiles/external/wallpaper-ngn/wp-ngn
/bin/zsh: can't open input file: /Users/stanislavvarga/.dotfiles/external/wallpaper-ngn/wp-ngn
/bin/zsh: can't open input file: /Users/stanislavvarga/.dotfiles/external/wallpaper-ngn/wp-ngn
/bin/zsh: can't open input file: /Users/stanislavvarga/.dotfiles/external/wallpaper-ngn/wp-ngn
/bin/zsh: can't open input file: /Users/stanislavvarga/.dotfiles/external/wallpaper-ngn/wp-ngn
/bin/zsh: can't open input file: /Users/stanislavvarga/.dotfiles/external/wallpaper-ngn/wp-ngn
/bin/zsh: can't open input file: /Users/stanislavvarga/.dotfiles/external/wallpaper-ngn/wp-ngn
/bin/zsh: can't open input file: /Users/stanislavvarga/.dotfiles/external/wallpaper-ngn/wp-ngn
/bin/zsh: can't open input file: /Users/stanislavvarga/.dotfiles/external/wallpaper-ngn/wp-ngn
/bin/zsh: can't open input file: /Users/stanislavvarga/.dotfiles/external/wallpaper-ngn/wp-ngn
/bin/zsh: can't open input file: /Users/stanislavvarga/.dotfiles/external/wallpaper-ngn/wp-ngn
/bin/zsh: can't open input file: /Users/stanislavvarga/.dotfiles/external/wallpaper-ngn/wp-ngn
/bin/zsh: can't open input file: /Users/stanislavvarga/.dotfiles/external/wallpaper-ngn/wp-ngn
/bin/zsh: can't open input file: /Users/stanislavvarga/.dotfiles/external/wallpaper-ngn/wp-ngn
/bin/zsh: can't open input file: /Users/stanislavvarga/.dotfiles/external/wallpaper-ngn/wp-ngn
/bin/zsh: can't open input file: /Users/stanislavvarga/.dotfiles/external/wallpaper-ngn/wp-ngn
/bin/zsh: can't open input file: /Users/stanislavvarga/.dotfiles/external/wallpaper-ngn/wp-ngn
/bin/zsh: can't open input file: /Users/stanislavvarga/.dotfiles/external/wallpaper-ngn/wp-ngn
/bin/zsh: can't open input file: /Users/stanislavvarga/.dotfiles/external/wallpaper-ngn/wp-ngn
/bin/zsh: can't open input file: /Users/stanislavvarga/.dotfiles/external/wallpaper-ngn/wp-ngn
/bin/zsh: can't open input file: /Users/stanislavvarga/.dotfiles/external/wallpaper-ngn/wp-ngn
/bin/zsh: can't open input file: /Users/stanislavvarga/.dotfiles/external/wallpaper-ngn/wp-ngn
/bin/zsh: can't open input file: /Users/stanislavvarga/.dotfiles/external/wallpaper-ngn/wp-ngn
/bin/zsh: can't open input file: /Users/stanislavvarga/.dotfiles/external/wallpaper-ngn/wp-ngn
/bin/zsh: can't open input file: /Users/stanislavvarga/.dotfiles/external/wallpaper-ngn/wp-ngn
/bin/zsh: can't open input file: /Users/stanislavvarga/.dotfiles/external/wallpaper-ngn/wp-ngn
/bin/zsh: can't open input file: /Users/stanislavvarga/.dotfiles/external/wallpaper-ngn/wp-ngn
/bin/zsh: can't open input file: /Users/stanislavvarga/.dotfiles/external/wallpaper-ngn/wp-ngn
/bin/zsh: can't open input file: /Users/stanislavvarga/.dotfiles/external/wallpaper-ngn/wp-ngn
/bin/zsh: can't open input file: /Users/stanislavvarga/.dotfiles/external/wallpaper-ngn/wp-ngn
/bin/zsh: can't open input file: /Users/stanislavvarga/.dotfiles/external/wallpaper-ngn/wp-ngn
/bin/zsh: can't open input file: /Users/stanislavvarga/.dotfiles/external/wallpaper-ngn/wp-ngn
/bin/zsh: can't open input file: /Users/stanislavvarga/.dotfiles/external/wallpaper-ngn/wp-ngn
/bin/zsh: can't open input file: /Users/stanislavvarga/.dotfiles/external/wallpaper-ngn/wp-ngn
/bin/zsh: can't open input file: /Users/stanislavvarga/.dotfiles/external/wallpaper-ngn/wp-ngn
/bin/zsh: can't open input file: /Users/stanislavvarga/.dotfiles/external/wallpaper-ngn/wp-ngn
/bin/zsh: can't open input file: /Users/stanislavvarga/.dotfiles/external/wallpaper-ngn/wp-ngn
/bin/zsh: can't open input file: /Users/stanislavvarga/.dotfiles/external/wallpaper-ngn/wp-ngn
/bin/zsh: can't open input file: /Users/stanislavvarga/.dotfiles/external/wallpaper-ngn/wp-ngn
/bin/zsh: can't open input file: /Users/stanislavvarga/.dotfiles/external/wallpaper-ngn/wp-ngn
/bin/zsh: can't open input file: /Users/stanislavvarga/.dotfiles/external/wallpaper-ngn/wp-ngn
/bin/zsh: can't open input file: /Users/stanislavvarga/.dotfiles/external/wallpaper-ngn/wp-ngn
/bin/zsh: can't open input file: /Users/stanislavvarga/.dotfiles/external/wallpaper-ngn/wp-ngn
/bin/zsh: can't open input file: /Users/stanislavvarga/.dotfiles/external/wallpaper-ngn/wp-ngn
/bin/zsh: can't open input file: /Users/stanislavvarga/.dotfiles/external/wallpaper-ngn/wp-ngn
/bin/zsh: can't open input file: /Users/stanislavvarga/.dotfiles/external/wallpaper-ngn/wp-ngn
/bin/zsh: can't open input file: /Users/stanislavvarga/.dotfiles/external/wallpaper-ngn/wp-ngn
/bin/zsh: can't open input file: /Users/stanislavvarga/.dotfiles/external/wallpaper-ngn/wp-ngn
/bin/zsh: can't open input file: /Users/stanislavvarga/.dotfiles/external/wallpaper-ngn/wp-ngn
/bin/zsh: can't open input file: /Users/stanislavvarga/.dotfiles/external/wallpaper-ngn/wp-ngn
/bin/zsh: can't open input file: /Users/stanislavvarga/.dotfiles/external/wallpaper-ngn/wp-ngn
/bin/zsh: can't open input file: /Users/stanislavvarga/.dotfiles/external/wallpaper-ngn/wp-ngn
/bin/zsh: can't open input file: /Users/stanislavvarga/.dotfiles/external/wallpaper-ngn/wp-ngn
/bin/zsh: can't open input file: /Users/stanislavvarga/.dotfiles/external/wallpaper-ngn/wp-ngn
/bin/zsh: can't open input file: /Users/stanislavvarga/.dotfiles/external/wallpaper-ngn/wp-ngn
/bin/zsh: can't open input file: /Users/stanislavvarga/.dotfiles/external/wallpaper-ngn/wp-ngn
/bin/zsh: can't open input file: /Users/stanislavvarga/.dotfiles/external/wallpaper-ngn/wp-ngn
/bin/zsh: can't open input file: /Users/stanislavvarga/.dotfiles/external/wallpaper-ngn/wp-ngn
/bin/zsh: can't open input file: /Users/stanislavvarga/.dotfiles/external/wallpaper-ngn/wp-ngn
/bin/zsh: can't open input file: /Users/stanislavvarga/.dotfiles/external/wallpaper-ngn/wp-ngn
/bin/zsh: can't open input file: /Users/stanislavvarga/.dotfiles/external/wallpaper-ngn/wp-ngn
/bin/zsh: can't open input file: /Users/stanislavvarga/.dotfiles/external/wallpaper-ngn/wp-ngn
/bin/zsh: can't open input file: /Users/stanislavvarga/.dotfiles/external/wallpaper-ngn/wp-ngn
/bin/zsh: can't open input file: /Users/stanislavvarga/.dotfiles/external/wallpaper-ngn/wp-ngn
/bin/zsh: can't open input file: /Users/stanislavvarga/.dotfiles/external/wallpaper-ngn/wp-ngn
/bin/zsh: can't open input file: /Users/stanislavvarga/.dotfiles/external/wallpaper-ngn/wp-ngn
/bin/zsh: can't open input file: /Users/stanislavvarga/.dotfiles/external/wallpaper-ngn/wp-ngn
/bin/zsh: can't open input file: /Users/stanislavvarga/.dotfiles/external/wallpaper-ngn/wp-ngn
/bin/zsh: can't open input file: /Users/stanislavvarga/.dotfiles/external/wallpaper-ngn/wp-ngn
/bin/zsh: can't open input file: /Users/stanislavvarga/.dotfiles/external/wallpaper-ngn/wp-ngn
/bin/zsh: can't open input file: /Users/stanislavvarga/.dotfiles/external/wallpaper-ngn/wp-ngn
/bin/zsh: can't open input file: /Users/stanislavvarga/.dotfiles/external/wallpaper-ngn/wp-ngn
/bin/zsh: can't open input file: /Users/stanislavvarga/.dotfiles/external/wallpaper-ngn/wp-ngn
/bin/zsh: can't open input file: /Users/stanislavvarga/.dotfiles/external/wallpaper-ngn/wp-ngn
/bin/zsh: can't open input file: /Users/stanislavvarga/.dotfiles/external/wallpaper-ngn/wp-ngn
/bin/zsh: can't open input file: /Users/stanislavvarga/.dotfiles/external/wallpaper-ngn/wp-ngn
/bin/zsh: can't open input file: /Users/stanislavvarga/.dotfiles/external/wallpaper-ngn/wp-ngn
/bin/zsh: can't open input file: /Users/stanislavvarga/.dotfiles/external/wallpaper-ngn/wp-ngn
/bin/zsh: can't open input file: /Users/stanislavvarga/.dotfiles/external/wallpaper-ngn/wp-ngn
/bin/zsh: can't open input file: /Users/stanislavvarga/.dotfiles/external/wallpaper-ngn/wp-ngn
/bin/zsh: can't open input file: /Users/stanislavvarga/.dotfiles/external/wallpaper-ngn/wp-ngn
/bin/zsh: can't open input file: /Users/stanislavvarga/.dotfiles/external/wallpaper-ngn/wp-ngn
/bin/zsh: can't open input file: /Users/stanislavvarga/.dotfiles/external/wallpaper-ngn/wp-ngn
/bin/zsh: can't open input file: /Users/stanislavvarga/.dotfiles/external/wallpaper-ngn/wp-ngn
/bin/zsh: can't open input file: /Users/stanislavvarga/.dotfiles/external/wallpaper-ngn/wp-ngn
/bin/zsh: can't open input file: /Users/stanislavvarga/.dotfiles/external/wallpaper-ngn/wp-ngn
/bin/zsh: can't open input file: /Users/stanislavvarga/.dotfiles/external/wallpaper-ngn/wp-ngn
/bin/zsh: can't open input file: /Users/stanislavvarga/.dotfiles/external/wallpaper-ngn/wp-ngn
/bin/zsh: can't open input file: /Users/stanislavvarga/.dotfiles/external/wallpaper-ngn/wp-ngn
/bin/zsh: can't open input file: /Users/stanislavvarga/.dotfiles/external/wallpaper-ngn/wp-ngn
/bin/zsh: can't open input file: /Users/stanislavvarga/.dotfiles/external/wallpaper-ngn/wp-ngn
/bin/zsh: can't open input file: /Users/stanislavvarga/.dotfiles/external/wallpaper-ngn/wp-ngn
/bin/zsh: can't open input file: /Users/stanislavvarga/.dotfiles/external/wallpaper-ngn/wp-ngn
/bin/zsh: can't open input file: /Users/stanislavvarga/.dotfiles/external/wallpaper-ngn/wp-ngn
/bin/zsh: can't open input file: /Users/stanislavvarga/.dotfiles/external/wallpaper-ngn/wp-ngn
/bin/zsh: can't open input file: /Users/stanislavvarga/.dotfiles/external/wallpaper-ngn/wp-ngn
/bin/zsh: can't open input file: /Users/stanislavvarga/.dotfiles/external/wallpaper-ngn/wp-ngn
/bin/zsh: can't open input file: /Users/stanislavvarga/.dotfiles/external/wallpaper-ngn/wp-ngn
/bin/zsh: can't open input file: /Users/stanislavvarga/.dotfiles/external/wallpaper-ngn/wp-ngn
/bin/zsh: can't open input file: /Users/stanislavvarga/.dotfiles/external/wallpaper-ngn/wp-ngn
/bin/zsh: can't open input file: /Users/stanislavvarga/.dotfiles/external/wallpaper-ngn/wp-ngn
/bin/zsh: can't open input file: /Users/stanislavvarga/.dotfiles/external/wallpaper-ngn/wp-ngn
/bin/zsh: can't open input file: /Users/stanislavvarga/.dotfiles/external/wallpaper-ngn/wp-ngn
/bin/zsh: can't open input file: /Users/stanislavvarga/.dotfiles/external/wallpaper-ngn/wp-ngn
/bin/zsh: can't open input file: /Users/stanislavvarga/.dotfiles/external/wallpaper-ngn/wp-ngn
/bin/zsh: can't open input file: /Users/stanislavvarga/.dotfiles/external/wallpaper-ngn/wp-ngn
/bin/zsh: can't open input file: /Users/stanislavvarga/.dotfiles/external/wallpaper-ngn/wp-ngn
/bin/zsh: can't open input file: /Users/stanislavvarga/.dotfiles/external/wallpaper-ngn/wp-ngn
/bin/zsh: can't open input file: /Users/stanislavvarga/.dotfiles/external/wallpaper-ngn/wp-ngn
/bin/zsh: can't open input file: /Users/stanislavvarga/.dotfiles/external/wallpaper-ngn/wp-ngn
/bin/zsh: can't open input file: /Users/stanislavvarga/.dotfiles/external/wallpaper-ngn/wp-ngn
/bin/zsh: can't open input file: /Users/stanislavvarga/.dotfiles/external/wallpaper-ngn/wp-ngn
/bin/zsh: can't open input file: /Users/stanislavvarga/.dotfiles/external/wallpaper-ngn/wp-ngn
/bin/zsh: can't open input file: /Users/stanislavvarga/.dotfiles/external/wallpaper-ngn/wp-ngn
/bin/zsh: can't open input file: /Users/stanislavvarga/.dotfiles/external/wallpaper-ngn/wp-ngn
/bin/zsh: can't open input file: /Users/stanislavvarga/.dotfiles/external/wallpaper-ngn/wp-ngn
/bin/zsh: can't open input file: /Users/stanislavvarga/.dotfiles/external/wallpaper-ngn/wp-ngn
/bin/zsh: can't open input file: /Users/stanislavvarga/.dotfiles/external/wallpaper-ngn/wp-ngn
/bin/zsh: can't open input file: /Users/stanislavvarga/.dotfiles/external/wallpaper-ngn/wp-ngn
/bin/zsh: can't open input file: /Users/stanislavvarga/.dotfiles/external/wallpaper-ngn/wp-ngn
/bin/zsh: can't open input file: /Users/stanislavvarga/.dotfiles/external/wallpaper-ngn/wp-ngn
/bin/zsh: can't open input file: /Users/stanislavvarga/.dotfiles/external/wallpaper-ngn/wp-ngn
/bin/zsh: can't open input file: /Users/stanislavvarga/.dotfiles/external/wallpaper-ngn/wp-ngn
/bin/zsh: can't open input file: /Users/stanislavvarga/.dotfiles/external/wallpaper-ngn/wp-ngn
/bin/zsh: can't open input file: /Users/stanislavvarga/.dotfiles/external/wallpaper-ngn/wp-ngn
/bin/zsh: can't open input file: /Users/stanislavvarga/.dotfiles/external/wallpaper-ngn/wp-ngn
/bin/zsh: can't open input file: /Users/stanislavvarga/.dotfiles/external/wallpaper-ngn/wp-ngn
/bin/zsh: can't open input file: /Users/stanislavvarga/.dotfiles/external/wallpaper-ngn/wp-ngn
/bin/zsh: can't open input file: /Users/stanislavvarga/.dotfiles/external/wallpaper-ngn/wp-ngn
/bin/zsh: can't open input file: /Users/stanislavvarga/.dotfiles/external/wallpaper-ngn/wp-ngn
/bin/zsh: can't open input file: /Users/stanislavvarga/.dotfiles/external/wallpaper-ngn/wp-ngn
/bin/zsh: can't open input file: /Users/stanislavvarga/.dotfiles/external/wallpaper-ngn/wp-ngn
/bin/zsh: can't open input file: /Users/stanislavvarga/.dotfiles/external/wallpaper-ngn/wp-ngn
/bin/zsh: can't open input file: /Users/stanislavvarga/.dotfiles/external/wallpaper-ngn/wp-ngn
/bin/zsh: can't open input file: /Users/stanislavvarga/.dotfiles/external/wallpaper-ngn/wp-ngn
/bin/zsh: can't open input file: /Users/stanislavvarga/.dotfiles/external/wallpaper-ngn/wp-ngn
/bin/zsh: can't open input file: /Users/stanislavvarga/.dotfiles/external/wallpaper-ngn/wp-ngn
/bin/zsh: can't open input file: /Users/stanislavvarga/.dotfiles/external/wallpaper-ngn/wp-ngn
/bin/zsh: can't open input file: /Users/stanislavvarga/.dotfiles/external/wallpaper-ngn/wp-ngn
/bin/zsh: can't open input file: /Users/stanislavvarga/.dotfiles/external/wallpaper-ngn/wp-ngn
/bin/zsh: can't open input file: /Users/stanislavvarga/.dotfiles/external/wallpaper-ngn/wp-ngn
/bin/zsh: can't open input file: /Users/stanislavvarga/.dotfiles/external/wallpaper-ngn/wp-ngn
/bin/zsh: can't open input file: /Users/stanislavvarga/.dotfiles/external/wallpaper-ngn/wp-ngn
/bin/zsh: can't open input file: /Users/stanislavvarga/.dotfiles/external/wallpaper-ngn/wp-ngn
/bin/zsh: can't open input file: /Users/stanislavvarga/.dotfiles/external/wallpaper-ngn/wp-ngn
/bin/zsh: can't open input file: /Users/stanislavvarga/.dotfiles/external/wallpaper-ngn/wp-ngn
/bin/zsh: can't open input file: /Users/stanislavvarga/.dotfiles/external/wallpaper-ngn/wp-ngn
/bin/zsh: can't open input file: /Users/stanislavvarga/.dotfiles/external/wallpaper-ngn/wp-ngn
/bin/zsh: can't open input file: /Users/stanislavvarga/.dotfiles/external/wallpaper-ngn/wp-ngn
/bin/zsh: can't open input file: /Users/stanislavvarga/.dotfiles/external/wallpaper-ngn/wp-ngn
/bin/zsh: can't open input file: /Users/stanislavvarga/.dotfiles/external/wallpaper-ngn/wp-ngn
/bin/zsh: can't open input file: /Users/stanislavvarga/.dotfiles/external/wallpaper-ngn/wp-ngn
/bin/zsh: can't open input file: /Users/stanislavvarga/.dotfiles/external/wallpaper-ngn/wp-ngn
/bin/zsh: can't open input file: /Users/stanislavvarga/.dotfiles/external/wallpaper-ngn/wp-ngn
/bin/zsh: can't open input file: /Users/stanislavvarga/.dotfiles/external/wallpaper-ngn/wp-ngn
/bin/zsh: can't open input file: /Users/stanislavvarga/.dotfiles/external/wallpaper-ngn/wp-ngn
/bin/zsh: can't open input file: /Users/stanislavvarga/.dotfiles/external/wallpaper-ngn/wp-ngn
/bin/zsh: can't open input file: /Users/stanislavvarga/.dotfiles/external/wallpaper-ngn/wp-ngn
/bin/zsh: can't open input file: /Users/stanislavvarga/.dotfiles/external/wallpaper-ngn/wp-ngn
/bin/zsh: can't open input file: /Users/stanislavvarga/.dotfiles/external/wallpaper-ngn/wp-ngn
Error: The value '1' is invalid for '--screen <screen>'
Help:  --screen <screen>  Values: all, main, <index>
Usage: wallpaper set <path> [--screen <screen>] [--scale <scale>] --fill-color <fill-color>
  See 'wallpaper set --help' for more information.
Error: The value '1' is invalid for '--screen <screen>'
Help:  --screen <screen>  Values: all, main, <index>
Usage: wallpaper set <path> [--screen <screen>] [--scale <scale>] --fill-color <fill-color>
  See 'wallpaper set --help' for more information.
Error: The value '1' is invalid for '--screen <screen>'
Help:  --screen <screen>  Values: all, main, <index>
Usage: wallpaper set <path> [--screen <screen>] [--scale <scale>] --fill-color <fill-color>
  See 'wallpaper set --help' for more information.
Error: The value '1' is invalid for '--screen <screen>'
Help:  --screen <screen>  Values: all, main, <index>
Usage: wallpaper set <path> [--screen <screen>] [--scale <scale>] --fill-color <fill-color>
  See 'wallpaper set --help' for more information.
Error: The value '1' is invalid for '--screen <screen>'
Help:  --screen <screen>  Values: all, main, <index>
Usage: wallpaper set <path> [--screen <screen>] [--scale <scale>] --fill-color <fill-color>
  See 'wallpaper set --help' for more information.
Error: The value '1' is invalid for '--screen <screen>'
Help:  --screen <screen>  Values: all, main, <index>
Usage: wallpaper set <path> [--screen <screen>] [--scale <scale>] --fill-color <fill-color>
  See 'wallpaper set --help' for more information.
Error: The value '1' is invalid for '--screen <screen>'
Help:  --screen <screen>  Values: all, main, <index>
Usage: wallpaper set <path> [--screen <screen>] [--scale <scale>] --fill-color <fill-color>
  See 'wallpaper set --help' for more information.
Error: The value '1' is invalid for '--screen <screen>'
Help:  --screen <screen>  Values: all, main, <index>
Usage: wallpaper set <path> [--screen <screen>] [--scale <scale>] --fill-color <fill-color>
  See 'wallpaper set --help' for more information.
Error: The value '1' is invalid for '--screen <screen>'
Help:  --screen <screen>  Values: all, main, <index>
Usage: wallpaper set <path> [--screen <screen>] [--scale <scale>] --fill-color <fill-color>
  See 'wallpaper set --help' for more information.
Error: The value '1' is invalid for '--screen <screen>'
Help:  --screen <screen>  Values: all, main, <index>
Usage: wallpaper set <path> [--screen <screen>] [--scale <scale>] --fill-color <fill-color>
  See 'wallpaper set --help' for more information.
Error: The value '1' is invalid for '--screen <screen>'
Help:  --screen <screen>  Values: all, main, <index>
Usage: wallpaper set <path> [--screen <screen>] [--scale <scale>] --fill-color <fill-color>
  See 'wallpaper set --help' for more information.
Error: The value '1' is invalid for '--screen <screen>'
Help:  --screen <screen>  Values: all, main, <index>
Usage: wallpaper set <path> [--screen <screen>] [--scale <scale>] --fill-color <fill-color>
  See 'wallpaper set --help' for more information.
/Library/Ruby/Site/2.6.0/rubygems.rb:8:in `require': cannot load such file -- rbconfig (LoadError)
	from /Library/Ruby/Site/2.6.0/rubygems.rb:8:in `<top (required)>'
	from <internal:gem_prelude>:2:in `require'
	from <internal:gem_prelude>:2:in `<internal:gem_prelude>'
dynamic_sync_screens:2: pipe failed: too many open files in system
dynamic_sync_screens:2: pipe failed: too many open files in system
<main>: warning: pipe creation failed for timer: Too many open files in system, scheduling broken
<internal:gem_prelude>:2:in `require': cannot load such file -- rubygems.rb (LoadError)
	from <internal:gem_prelude>:2:in `<internal:gem_prelude>'
dynamic_sync_screens:2: pipe failed: too many open files in system
/Library/Ruby/Site/2.6.0/rubygems/stub_specification.rb:113:in `initialize': Too many open files in system @ rb_sysopen - /Library/Ruby/Gems/2.6.0/specifications/http-cookie-1.0.6.gemspec (Errno::ENFILE)
	from /Library/Ruby/Site/2.6.0/rubygems/stub_specification.rb:113:in `open'
	from /Library/Ruby/Site/2.6.0/rubygems/stub_specification.rb:113:in `data'
	from /Library/Ruby/Site/2.6.0/rubygems/stub_specification.rb:203:in `valid?'
	from /Library/Ruby/Site/2.6.0/rubygems/specification.rb:770:in `select'
	from /Library/Ruby/Site/2.6.0/rubygems/specification.rb:770:in `gemspec_stubs_in'
	from /Library/Ruby/Site/2.6.0/rubygems/specification.rb:785:in `block in map_stubs'
	from /Library/Ruby/Site/2.6.0/rubygems/specification.rb:782:in `each'
	from /Library/Ruby/Site/2.6.0/rubygems/specification.rb:782:in `flat_map'
	from /Library/Ruby/Site/2.6.0/rubygems/specification.rb:782:in `map_stubs'
	from /Library/Ruby/Site/2.6.0/rubygems/specification.rb:775:in `installed_stubs'
	from /Library/Ruby/Site/2.6.0/rubygems/specification.rb:803:in `stubs'
	from /Library/Ruby/Site/2.6.0/rubygems/specification.rb:982:in `find_by_path'
	from /Library/Ruby/Site/2.6.0/rubygems.rb:210:in `try_activate'
	from /Library/Ruby/Site/2.6.0/rubygems/core_ext/kernel_require.rb:153:in `rescue in require'
	from /Library/Ruby/Site/2.6.0/rubygems/core_ext/kernel_require.rb:149:in `require'
	from /Library/Ruby/Gems/2.6.0/gems/did_you_mean-1.3.0/lib/did_you_mean.rb:4:in `<top (required)>'
	from /Library/Ruby/Site/2.6.0/rubygems/core_ext/kernel_require.rb:85:in `require'
	from /Library/Ruby/Site/2.6.0/rubygems/core_ext/kernel_require.rb:85:in `require'
	from <internal:gem_prelude>:5:in `<internal:gem_prelude>'
/Library/Ruby/Site/2.6.0/rubygems/core_ext/kernel_require.rb:85:in `require': cannot load such file -- did_you_mean/spell_checker (LoadError)
	from /Library/Ruby/Site/2.6.0/rubygems/core_ext/kernel_require.rb:85:in `require'
	from /Library/Ruby/Gems/2.6.0/gems/did_you_mean-1.3.0/lib/did_you_mean.rb:4:in `<top (required)>'
	from /Library/Ruby/Site/2.6.0/rubygems/core_ext/kernel_require.rb:85:in `require'
	from /Library/Ruby/Site/2.6.0/rubygems/core_ext/kernel_require.rb:85:in `require'
	from <internal:gem_prelude>:5:in `<internal:gem_prelude>'
get_current_daytime:2: pipe failed: too many open files in system
get_current_daytime:174: pipe failed: too many open files in system
dynamic_sync_screens:72: pipe failed: too many open files in system
/Library/Ruby/Site/2.6.0/rubygems.rb:8:in `require': cannot load such file -- rbconfig (LoadError)
	from /Library/Ruby/Site/2.6.0/rubygems.rb:8:in `<top (required)>'
	from <internal:gem_prelude>:2:in `require'
	from <internal:gem_prelude>:2:in `<internal:gem_prelude>'
get_current_daytime:2: pipe failed: too many open files in system
dynamic_sync_screens:6: pipe failed: too many open files in system
/System/Library/Frameworks/Ruby.framework/Versions/2.6/usr/bin/ruby: Too many open files in system -- /opt/homebrew/Cellar/lolcat/100.0.1/libexec/bin/lolcat (LoadError)
get_current_daytime:2: pipe failed: too many open files in system
dynamic_sync_screens:12: pipe failed: too many open files in system
/bin/zsh: can't open input file: /Users/stanislavvarga/bin/wpp
Error: The value '1' is invalid for '--screen <screen>'
Help:  --screen <screen>  Values: all, main, <index>
Usage: wallpaper set <path> [--screen <screen>] [--scale <scale>] --fill-color <fill-color>
  See 'wallpaper set --help' for more information.
